01:55:56 **** Incremental Build of configuration Debug for project benchmark ****
make all 
'Building file: ../src/dhry_1.c'
'Invoking: ARM gcc compiler'
arm-xilinx-eabi-gcc -Wall -O0 -g3 -c -fmessage-length=0 -I../../system_bsp/ps7_cortexa9_0/include -MMD -MP -MF"src/dhry_1.d" -MT"src/dhry_1.d" -o "src/dhry_1.o" "../src/dhry_1.c"
../src/dhry_1.c:74:1: warning: return type defaults to 'int' [-Wreturn-type]
 main ()
 ^
../src/dhry_1.c: In function 'main':
../src/dhry_1.c:115:3: warning: implicit declaration of function 'xil_printf' [-Wimplicit-function-declaration]
   printf ("\n");
   ^
../src/dhry_1.c:153:5: warning: implicit declaration of function 'Proc_5' [-Wimplicit-function-declaration]
     Proc_5();
     ^
../src/dhry_1.c:154:5: warning: implicit declaration of function 'Proc_4' [-Wimplicit-function-declaration]
     Proc_4();
     ^
../src/dhry_1.c:160:5: warning: implicit declaration of function 'Func_2' [-Wimplicit-function-declaration]
     Bool_Glob = ! Func_2 (Str_1_Loc, Str_2_Loc);
     ^
../src/dhry_1.c:166:7: warning: implicit declaration of function 'Proc_7' [-Wimplicit-function-declaration]
       Proc_7 (Int_1_Loc, Int_2_Loc, &Int_3_Loc);
       ^
../src/dhry_1.c:171:5: warning: implicit declaration of function 'Proc_8' [-Wimplicit-function-declaration]
     Proc_8 (Arr_1_Glob, Arr_2_Glob, Int_1_Loc, Int_3_Loc);
     ^
../src/dhry_1.c:173:5: warning: implicit declaration of function 'Proc_1' [-Wimplicit-function-declaration]
     Proc_1 (Ptr_Glob);
     ^
../src/dhry_1.c:180:9: warning: implicit declaration of function 'Proc_6' [-Wimplicit-function-declaration]
         Proc_6 (Ident_1, &Enum_Loc);
         ^
../src/dhry_1.c:191:5: warning: implicit declaration of function 'Proc_2' [-Wimplicit-function-declaration]
     Proc_2 (&Int_1_Loc);
     ^
../src/dhry_1.c: At top level:
../src/dhry_1.c:327:1: warning: return type defaults to 'int' [-Wreturn-type]
 Proc_1 (Ptr_Val_Par)
 ^
../src/dhry_1.c: In function 'Proc_1':
../src/dhry_1.c:343:3: warning: implicit declaration of function 'Proc_3' [-Wimplicit-function-declaration]
   Proc_3 (&Next_Record->Ptr_Comp);
   ^
../src/dhry_1.c: At top level:
../src/dhry_1.c:361:1: warning: return type defaults to 'int' [-Wreturn-type]
 Proc_2 (Int_Par_Ref)
 ^
../src/dhry_1.c:384:1: warning: return type defaults to 'int' [-Wreturn-type]
 Proc_3 (Ptr_Ref_Par)
 ^
../src/dhry_1.c:399:1: warning: return type defaults to 'int' [-Wreturn-type]
 Proc_4 () /* without parameters */
 ^
../src/dhry_1.c:411:1: warning: return type defaults to 'int' [-Wreturn-type]
 Proc_5 () /* without parameters */
 ^
../src/dhry_1.c: In function 'main':
../src/dhry_1.c:324:1: warning: control reaches end of non-void function [-Wreturn-type]
 }
 ^
../src/dhry_1.c: In function 'Proc_1':
../src/dhry_1.c:358:1: warning: control reaches end of non-void function [-Wreturn-type]
 } /* Proc_1 */
 ^
../src/dhry_1.c: In function 'Proc_2':
../src/dhry_1.c:381:1: warning: control reaches end of non-void function [-Wreturn-type]
 } /* Proc_2 */
 ^
../src/dhry_1.c: In function 'Proc_3':
../src/dhry_1.c:396:1: warning: control reaches end of non-void function [-Wreturn-type]
 } /* Proc_3 */
 ^
../src/dhry_1.c: In function 'Proc_4':
../src/dhry_1.c:408:1: warning: control reaches end of non-void function [-Wreturn-type]
 } /* Proc_4 */
 ^
../src/dhry_1.c: In function 'Proc_5':
../src/dhry_1.c:417:1: warning: control reaches end of non-void function [-Wreturn-type]
 } /* Proc_5 */
 ^
'Finished building: ../src/dhry_1.c'
' '
'Building file: ../src/dhry_2.c'
'Invoking: ARM gcc compiler'
arm-xilinx-eabi-gcc -Wall -O0 -g3 -c -fmessage-length=0 -I../../system_bsp/ps7_cortexa9_0/include -MMD -MP -MF"src/dhry_2.d" -MT"src/dhry_2.d" -o "src/dhry_2.o" "../src/dhry_2.c"
../src/dhry_2.c:30:1: warning: return type defaults to 'int' [-Wreturn-type]
 Proc_6 (Enum_Val_Par, Enum_Ref_Par)
 ^
../src/dhry_2.c: In function 'Proc_6':
../src/dhry_2.c:39:3: warning: implicit declaration of function 'Func_3' [-Wimplicit-function-declaration]
   if (! Func_3 (Enum_Val_Par))
   ^
../src/dhry_2.c: At top level:
../src/dhry_2.c:64:1: warning: return type defaults to 'int' [-Wreturn-type]
 Proc_7 (Int_1_Par_Val, Int_2_Par_Val, Int_Par_Ref)
 ^
../src/dhry_2.c:84:1: warning: return type defaults to 'int' [-Wreturn-type]
 Proc_8 (Arr_1_Par_Ref, Arr_2_Par_Ref, Int_1_Par_Val, Int_2_Par_Val)
 ^
../src/dhry_2.c: In function 'Func_2':
../src/dhry_2.c:164:5: warning: implicit declaration of function 'strcmp' [-Wimplicit-function-declaration]
     if (strcmp (Str_1_Par_Ref, Str_2_Par_Ref) > 0)
     ^
../src/dhry_2.c: In function 'Proc_6':
../src/dhry_2.c:61:1: warning: control reaches end of non-void function [-Wreturn-type]
 } /* Proc_6 */
 ^
../src/dhry_2.c: In function 'Proc_7':
../src/dhry_2.c:81:1: warning: control reaches end of non-void function [-Wreturn-type]
 } /* Proc_7 */
 ^
../src/dhry_2.c: In function 'Proc_8':
../src/dhry_2.c:106:1: warning: control reaches end of non-void function [-Wreturn-type]
 } /* Proc_8 */
 ^
'Finished building: ../src/dhry_2.c'
' '
'Building file: ../src/platform.c'
'Invoking: ARM gcc compiler'
arm-xilinx-eabi-gcc -Wall -O0 -g3 -c -fmessage-length=0 -I../../system_bsp/ps7_cortexa9_0/include -MMD -MP -MF"src/platform.d" -MT"src/platform.d" -o "src/platform.o" "../src/platform.c"
'Finished building: ../src/platform.c'
' '
'Building target: benchmark.elf'
'Invoking: ARM gcc linker'
arm-xilinx-eabi-gcc -Wl,-T -Wl,../src/lscript.ld -L../../system_bsp/ps7_cortexa9_0/lib -o "benchmark.elf"  ./src/dhry_1.o ./src/dhry_2.o ./src/platform.o   -Wl,--start-group,-lxil,-lgcc,-lc,--end-group -Wl,--start-group,-lxilisf,-lxil,-lgcc,-lc,--end-group
'Finished building target: benchmark.elf'
' '
'Invoking: ARM Print Size'
arm-xilinx-eabi-size benchmark.elf  |tee "benchmark.elf.size"
   text	   data	    bss	    dec	    hex	filename
  32196	   1096	  24772	  58064	   e2d0	benchmark.elf
'Finished building: benchmark.elf.size'
' '

01:55:58 Build Finished (took 1s.379ms)

