02:01:26 **** Clean-only build of configuration Debug for project test_LED ****
make clean 
rm -rf  ./src/led.o  ./src/led.d  test_LED.elf.size  test_LED.elf
' '
02:01:26 **** Clean-only build of project system_bsp ****
make -k clean 
rm -f ps7_cortexa9_0/lib/libxil.a
02:01:26 **** Build of project system_bsp ****
make -k all 
"Running Make include in ps7_cortexa9_0/libsrc/axi_dispctrl_v1_00_a/src"
make -C ps7_cortexa9_0/libsrc/axi_dispctrl_v1_00_a/src -s include  "SHELL=CMD" "COMPILER=arm-xilinx-eabi-gcc" "ARCHIVER=arm-xilinx-eabi-ar" "COMPILER_FLAGS=  -O2 -c" "EXTRA_COMPILER_FLAGS=-g"
"Running Make include in ps7_cortexa9_0/libsrc/axi_i2s_adi_v1_00_a/src"
make -C ps7_cortexa9_0/libsrc/axi_i2s_adi_v1_00_a/src -s include  "SHELL=CMD" "COMPILER=arm-xilinx-eabi-gcc" "ARCHIVER=arm-xilinx-eabi-ar" "COMPILER_FLAGS=  -O2 -c" "EXTRA_COMPILER_FLAGS=-g"
"Running Make include in ps7_cortexa9_0/libsrc/axivdma_v5_0/src"
make -C ps7_cortexa9_0/libsrc/axivdma_v5_0/src -s include  "SHELL=CMD" "COMPILER=arm-xilinx-eabi-gcc" "ARCHIVER=arm-xilinx-eabi-ar" "COMPILER_FLAGS=  -O2 -c" "EXTRA_COMPILER_FLAGS=-g"
"Running Make include in ps7_cortexa9_0/libsrc/common_v1_00_a/src"
make -C ps7_cortexa9_0/libsrc/common_v1_00_a/src -s include  "SHELL=CMD" "COMPILER=arm-xilinx-eabi-gcc" "ARCHIVER=arm-xilinx-eabi-ar" "COMPILER_FLAGS=  -O2 -c" "EXTRA_COMPILER_FLAGS=-g"
"Running Make include in ps7_cortexa9_0/libsrc/cpu_cortexa9_v2_0/src"
make -C ps7_cortexa9_0/libsrc/cpu_cortexa9_v2_0/src -s include  "SHELL=CMD" "COMPILER=arm-xilinx-eabi-gcc" "ARCHIVER=arm-xilinx-eabi-ar" "COMPILER_FLAGS=  -O2 -c" "EXTRA_COMPILER_FLAGS=-g"
"Running Make include in ps7_cortexa9_0/libsrc/devcfg_v3_1/src"
make -C ps7_cortexa9_0/libsrc/devcfg_v3_1/src -s include  "SHELL=CMD" "COMPILER=arm-xilinx-eabi-gcc" "ARCHIVER=arm-xilinx-eabi-ar" "COMPILER_FLAGS=  -O2 -c" "EXTRA_COMPILER_FLAGS=-g"
"Running Make include in ps7_cortexa9_0/libsrc/dmaps_v2_0/src"
make -C ps7_cortexa9_0/libsrc/dmaps_v2_0/src -s include  "SHELL=CMD" "COMPILER=arm-xilinx-eabi-gcc" "ARCHIVER=arm-xilinx-eabi-ar" "COMPILER_FLAGS=  -O2 -c" "EXTRA_COMPILER_FLAGS=-g"
"Running Make include in ps7_cortexa9_0/libsrc/emacps_v2_0/src"
make -C ps7_cortexa9_0/libsrc/emacps_v2_0/src -s include  "SHELL=CMD" "COMPILER=arm-xilinx-eabi-gcc" "ARCHIVER=arm-xilinx-eabi-ar" "COMPILER_FLAGS=  -O2 -c" "EXTRA_COMPILER_FLAGS=-g"
"Running Make include in ps7_cortexa9_0/libsrc/gpio_v4_0/src"
make -C ps7_cortexa9_0/libsrc/gpio_v4_0/src -s include  "SHELL=CMD" "COMPILER=arm-xilinx-eabi-gcc" "ARCHIVER=arm-xilinx-eabi-ar" "COMPILER_FLAGS=  -O2 -c" "EXTRA_COMPILER_FLAGS=-g"
"Running Make include in ps7_cortexa9_0/libsrc/iicps_v2_1/src"
make -C ps7_cortexa9_0/libsrc/iicps_v2_1/src -s include  "SHELL=CMD" "COMPILER=arm-xilinx-eabi-gcc" "ARCHIVER=arm-xilinx-eabi-ar" "COMPILER_FLAGS=  -O2 -c" "EXTRA_COMPILER_FLAGS=-g"
"Running Make include in ps7_cortexa9_0/libsrc/qspips_v3_0/src"
make -C ps7_cortexa9_0/libsrc/qspips_v3_0/src -s include  "SHELL=CMD" "COMPILER=arm-xilinx-eabi-gcc" "ARCHIVER=arm-xilinx-eabi-ar" "COMPILER_FLAGS=  -O2 -c" "EXTRA_COMPILER_FLAGS=-g"
"Running Make include in ps7_cortexa9_0/libsrc/scugic_v2_1/src"
make -C ps7_cortexa9_0/libsrc/scugic_v2_1/src -s include  "SHELL=CMD" "COMPILER=arm-xilinx-eabi-gcc" "ARCHIVER=arm-xilinx-eabi-ar" "COMPILER_FLAGS=  -O2 -c" "EXTRA_COMPILER_FLAGS=-g"
"Running Make include in ps7_cortexa9_0/libsrc/scutimer_v2_0/src"
make -C ps7_cortexa9_0/libsrc/scutimer_v2_0/src -s include  "SHELL=CMD" "COMPILER=arm-xilinx-eabi-gcc" "ARCHIVER=arm-xilinx-eabi-ar" "COMPILER_FLAGS=  -O2 -c" "EXTRA_COMPILER_FLAGS=-g"
"Running Make include in ps7_cortexa9_0/libsrc/scuwdt_v2_0/src"
make -C ps7_cortexa9_0/libsrc/scuwdt_v2_0/src -s include  "SHELL=CMD" "COMPILER=arm-xilinx-eabi-gcc" "ARCHIVER=arm-xilinx-eabi-ar" "COMPILER_FLAGS=  -O2 -c" "EXTRA_COMPILER_FLAGS=-g"
"Running Make include in ps7_cortexa9_0/libsrc/sdps_v2_1/src"
make -C ps7_cortexa9_0/libsrc/sdps_v2_1/src -s include  "SHELL=CMD" "COMPILER=arm-xilinx-eabi-gcc" "ARCHIVER=arm-xilinx-eabi-ar" "COMPILER_FLAGS=  -O2 -c" "EXTRA_COMPILER_FLAGS=-g"
"Running Make include in ps7_cortexa9_0/libsrc/spips_v2_0/src"
make -C ps7_cortexa9_0/libsrc/spips_v2_0/src -s include  "SHELL=CMD" "COMPILER=arm-xilinx-eabi-gcc" "ARCHIVER=arm-xilinx-eabi-ar" "COMPILER_FLAGS=  -O2 -c" "EXTRA_COMPILER_FLAGS=-g"
"Running Make include in ps7_cortexa9_0/libsrc/standalone_v4_1/src"
make -C ps7_cortexa9_0/libsrc/standalone_v4_1/src -s include  "SHELL=CMD" "COMPILER=arm-xilinx-eabi-gcc" "ARCHIVER=arm-xilinx-eabi-ar" "COMPILER_FLAGS=  -O2 -c" "EXTRA_COMPILER_FLAGS=-g"
"Running Make include in ps7_cortexa9_0/libsrc/uartps_v2_1/src"
make -C ps7_cortexa9_0/libsrc/uartps_v2_1/src -s include  "SHELL=CMD" "COMPILER=arm-xilinx-eabi-gcc" "ARCHIVER=arm-xilinx-eabi-ar" "COMPILER_FLAGS=  -O2 -c" "EXTRA_COMPILER_FLAGS=-g"
"Running Make include in ps7_cortexa9_0/libsrc/usbps_v2_1/src"
make -C ps7_cortexa9_0/libsrc/usbps_v2_1/src -s include  "SHELL=CMD" "COMPILER=arm-xilinx-eabi-gcc" "ARCHIVER=arm-xilinx-eabi-ar" "COMPILER_FLAGS=  -O2 -c" "EXTRA_COMPILER_FLAGS=-g"
"Running Make include in ps7_cortexa9_0/libsrc/xadcps_v2_0/src"
make -C ps7_cortexa9_0/libsrc/xadcps_v2_0/src -s include  "SHELL=CMD" "COMPILER=arm-xilinx-eabi-gcc" "ARCHIVER=arm-xilinx-eabi-ar" "COMPILER_FLAGS=  -O2 -c" "EXTRA_COMPILER_FLAGS=-g"
"Running Make include in ps7_cortexa9_0/libsrc/xilisf_v4_0/src"
make -C ps7_cortexa9_0/libsrc/xilisf_v4_0/src -s include  "SHELL=CMD" "COMPILER=arm-xilinx-eabi-gcc" "ARCHIVER=arm-xilinx-eabi-ar" "COMPILER_FLAGS=  -O2 -c" "EXTRA_COMPILER_FLAGS=-g"
"Running Make libs in ps7_cortexa9_0/libsrc/axi_dispctrl_v1_00_a/src"
make -C ps7_cortexa9_0/libsrc/axi_dispctrl_v1_00_a/src -s libs  "SHELL=CMD" "COMPILER=arm-xilinx-eabi-gcc" "ARCHIVER=arm-xilinx-eabi-ar" "COMPILER_FLAGS=  -O2 -c" "EXTRA_COMPILER_FLAGS=-g"
"Compiling axi_dispctrl..."
In file included from axi_dispctrl.h:7:0,
                 from axi_dispctrl.c:4:
../../../include/xbasic_types.h:124:2: warning: #warning The xbasics_type.h file is deprecated and users should use xil_types.h and xil_assert. [-Wcpp]
 #warning  The xbasics_type.h file is deprecated and users should use xil_types.h and xil_assert.
  ^
../../../include/xbasic_types.h:125:2: warning: #warning Please refer the Standalone BSP UG647 for further details [-Wcpp]
 #warning  Please refer the Standalone BSP UG647 for further details
  ^
In file included from axi_dispctrl.h:7:0,
                 from axi_dispctrl_selftest.c:3:
../../../include/xbasic_types.h:124:2: warning: #warning The xbasics_type.h file is deprecated and users should use xil_types.h and xil_assert. [-Wcpp]
 #warning  The xbasics_type.h file is deprecated and users should use xil_types.h and xil_assert.
  ^
../../../include/xbasic_types.h:125:2: warning: #warning Please refer the Standalone BSP UG647 for further details [-Wcpp]
 #warning  Please refer the Standalone BSP UG647 for further details
  ^
arm-xilinx-eabi-ar: creating ../../../lib/libxil.a
"Running Make libs in ps7_cortexa9_0/libsrc/axi_i2s_adi_v1_00_a/src"
make -C ps7_cortexa9_0/libsrc/axi_i2s_adi_v1_00_a/src -s libs  "SHELL=CMD" "COMPILER=arm-xilinx-eabi-gcc" "ARCHIVER=arm-xilinx-eabi-ar" "COMPILER_FLAGS=  -O2 -c" "EXTRA_COMPILER_FLAGS=-g"
"Compiling axi_i2s_adi..."
In file included from axi_i2s_adi.h:7:0,
                 from axi_i2s_adi.c:4:
../../../include/xbasic_types.h:124:2: warning: #warning The xbasics_type.h file is deprecated and users should use xil_types.h and xil_assert. [-Wcpp]
 #warning  The xbasics_type.h file is deprecated and users should use xil_types.h and xil_assert.
  ^
../../../include/xbasic_types.h:125:2: warning: #warning Please refer the Standalone BSP UG647 for further details [-Wcpp]
 #warning  Please refer the Standalone BSP UG647 for further details
  ^
In file included from axi_i2s_adi.h:7:0,
                 from axi_i2s_adi_selftest.c:3:
../../../include/xbasic_types.h:124:2: warning: #warning The xbasics_type.h file is deprecated and users should use xil_types.h and xil_assert. [-Wcpp]
 #warning  The xbasics_type.h file is deprecated and users should use xil_types.h and xil_assert.
  ^
../../../include/xbasic_types.h:125:2: warning: #warning Please refer the Standalone BSP UG647 for further details [-Wcpp]
 #warning  Please refer the Standalone BSP UG647 for further details
  ^
"Running Make libs in ps7_cortexa9_0/libsrc/axivdma_v5_0/src"
make -C ps7_cortexa9_0/libsrc/axivdma_v5_0/src -s libs  "SHELL=CMD" "COMPILER=arm-xilinx-eabi-gcc" "ARCHIVER=arm-xilinx-eabi-ar" "COMPILER_FLAGS=  -O2 -c" "EXTRA_COMPILER_FLAGS=-g"
"Compiling axivdma"
"Running Make libs in ps7_cortexa9_0/libsrc/common_v1_00_a/src"
make -C ps7_cortexa9_0/libsrc/common_v1_00_a/src -s libs  "SHELL=CMD" "COMPILER=arm-xilinx-eabi-gcc" "ARCHIVER=arm-xilinx-eabi-ar" "COMPILER_FLAGS=  -O2 -c" "EXTRA_COMPILER_FLAGS=-g"
"Compiling common"
"Running Make libs in ps7_cortexa9_0/libsrc/cpu_cortexa9_v2_0/src"
make -C ps7_cortexa9_0/libsrc/cpu_cortexa9_v2_0/src -s libs  "SHELL=CMD" "COMPILER=arm-xilinx-eabi-gcc" "ARCHIVER=arm-xilinx-eabi-ar" "COMPILER_FLAGS=  -O2 -c" "EXTRA_COMPILER_FLAGS=-g"
"Compiling cpu_cortexa9"
"Running Make libs in ps7_cortexa9_0/libsrc/devcfg_v3_1/src"
make -C ps7_cortexa9_0/libsrc/devcfg_v3_1/src -s libs  "SHELL=CMD" "COMPILER=arm-xilinx-eabi-gcc" "ARCHIVER=arm-xilinx-eabi-ar" "COMPILER_FLAGS=  -O2 -c" "EXTRA_COMPILER_FLAGS=-g"
"Compiling devcfg"
"Running Make libs in ps7_cortexa9_0/libsrc/dmaps_v2_0/src"
make -C ps7_cortexa9_0/libsrc/dmaps_v2_0/src -s libs  "SHELL=CMD" "COMPILER=arm-xilinx-eabi-gcc" "ARCHIVER=arm-xilinx-eabi-ar" "COMPILER_FLAGS=  -O2 -c" "EXTRA_COMPILER_FLAGS=-g"
"Compiling dmaps"
"Running Make libs in ps7_cortexa9_0/libsrc/emacps_v2_0/src"
make -C ps7_cortexa9_0/libsrc/emacps_v2_0/src -s libs  "SHELL=CMD" "COMPILER=arm-xilinx-eabi-gcc" "ARCHIVER=arm-xilinx-eabi-ar" "COMPILER_FLAGS=  -O2 -c" "EXTRA_COMPILER_FLAGS=-g"
"Compiling emacps"
"Running Make libs in ps7_cortexa9_0/libsrc/gpio_v4_0/src"
make -C ps7_cortexa9_0/libsrc/gpio_v4_0/src -s libs  "SHELL=CMD" "COMPILER=arm-xilinx-eabi-gcc" "ARCHIVER=arm-xilinx-eabi-ar" "COMPILER_FLAGS=  -O2 -c" "EXTRA_COMPILER_FLAGS=-g"
"Compiling gpio"
"Running Make libs in ps7_cortexa9_0/libsrc/iicps_v2_1/src"
make -C ps7_cortexa9_0/libsrc/iicps_v2_1/src -s libs  "SHELL=CMD" "COMPILER=arm-xilinx-eabi-gcc" "ARCHIVER=arm-xilinx-eabi-ar" "COMPILER_FLAGS=  -O2 -c" "EXTRA_COMPILER_FLAGS=-g"
"Compiling iicps"
"Running Make libs in ps7_cortexa9_0/libsrc/qspips_v3_0/src"
make -C ps7_cortexa9_0/libsrc/qspips_v3_0/src -s libs  "SHELL=CMD" "COMPILER=arm-xilinx-eabi-gcc" "ARCHIVER=arm-xilinx-eabi-ar" "COMPILER_FLAGS=  -O2 -c" "EXTRA_COMPILER_FLAGS=-g"
"Compiling qspips"
"Running Make libs in ps7_cortexa9_0/libsrc/scugic_v2_1/src"
make -C ps7_cortexa9_0/libsrc/scugic_v2_1/src -s libs  "SHELL=CMD" "COMPILER=arm-xilinx-eabi-gcc" "ARCHIVER=arm-xilinx-eabi-ar" "COMPILER_FLAGS=  -O2 -c" "EXTRA_COMPILER_FLAGS=-g"
"Compiling scugic"
"Running Make libs in ps7_cortexa9_0/libsrc/scutimer_v2_0/src"
make -C ps7_cortexa9_0/libsrc/scutimer_v2_0/src -s libs  "SHELL=CMD" "COMPILER=arm-xilinx-eabi-gcc" "ARCHIVER=arm-xilinx-eabi-ar" "COMPILER_FLAGS=  -O2 -c" "EXTRA_COMPILER_FLAGS=-g"
"Compiling scutimer"
"Running Make libs in ps7_cortexa9_0/libsrc/scuwdt_v2_0/src"
make -C ps7_cortexa9_0/libsrc/scuwdt_v2_0/src -s libs  "SHELL=CMD" "COMPILER=arm-xilinx-eabi-gcc" "ARCHIVER=arm-xilinx-eabi-ar" "COMPILER_FLAGS=  -O2 -c" "EXTRA_COMPILER_FLAGS=-g"
"Compiling scuwdt"
"Running Make libs in ps7_cortexa9_0/libsrc/sdps_v2_1/src"
make -C ps7_cortexa9_0/libsrc/sdps_v2_1/src -s libs  "SHELL=CMD" "COMPILER=arm-xilinx-eabi-gcc" "ARCHIVER=arm-xilinx-eabi-ar" "COMPILER_FLAGS=  -O2 -c" "EXTRA_COMPILER_FLAGS=-g"
"Compiling sdps"
"Running Make libs in ps7_cortexa9_0/libsrc/spips_v2_0/src"
make -C ps7_cortexa9_0/libsrc/spips_v2_0/src -s libs  "SHELL=CMD" "COMPILER=arm-xilinx-eabi-gcc" "ARCHIVER=arm-xilinx-eabi-ar" "COMPILER_FLAGS=  -O2 -c" "EXTRA_COMPILER_FLAGS=-g"
"Compiling spips"
"Running Make libs in ps7_cortexa9_0/libsrc/standalone_v4_1/src"
make -C ps7_cortexa9_0/libsrc/standalone_v4_1/src -s libs  "SHELL=CMD" "COMPILER=arm-xilinx-eabi-gcc" "ARCHIVER=arm-xilinx-eabi-ar" "COMPILER_FLAGS=  -O2 -c" "EXTRA_COMPILER_FLAGS=-g"
"Compiling standalone"
"Running Make libs in ps7_cortexa9_0/libsrc/uartps_v2_1/src"
make -C ps7_cortexa9_0/libsrc/uartps_v2_1/src -s libs  "SHELL=CMD" "COMPILER=arm-xilinx-eabi-gcc" "ARCHIVER=arm-xilinx-eabi-ar" "COMPILER_FLAGS=  -O2 -c" "EXTRA_COMPILER_FLAGS=-g"
"Compiling uartps"
"Running Make libs in ps7_cortexa9_0/libsrc/usbps_v2_1/src"
make -C ps7_cortexa9_0/libsrc/usbps_v2_1/src -s libs  "SHELL=CMD" "COMPILER=arm-xilinx-eabi-gcc" "ARCHIVER=arm-xilinx-eabi-ar" "COMPILER_FLAGS=  -O2 -c" "EXTRA_COMPILER_FLAGS=-g"
"Compiling usbps"
"Running Make libs in ps7_cortexa9_0/libsrc/xadcps_v2_0/src"
make -C ps7_cortexa9_0/libsrc/xadcps_v2_0/src -s libs  "SHELL=CMD" "COMPILER=arm-xilinx-eabi-gcc" "ARCHIVER=arm-xilinx-eabi-ar" "COMPILER_FLAGS=  -O2 -c" "EXTRA_COMPILER_FLAGS=-g"
"Compiling xadcps"
"Running Make libs in ps7_cortexa9_0/libsrc/xilisf_v4_0/src"
make -C ps7_cortexa9_0/libsrc/xilisf_v4_0/src -s libs  "SHELL=CMD" "COMPILER=arm-xilinx-eabi-gcc" "ARCHIVER=arm-xilinx-eabi-ar" "COMPILER_FLAGS=  -O2 -c" "EXTRA_COMPILER_FLAGS=-g"
"Compiling XilIsf Library"
"Creating archive libxilisf.a"
'Finished building libraries'
02:01:50 **** Build of configuration Debug for project test_LED ****
make all 
'Building file: ../src/led.c'
'Invoking: ARM gcc compiler'
arm-xilinx-eabi-gcc -Wall -O0 -g3 -c -fmessage-length=0 -std=gnu99 -I../../system_bsp/ps7_cortexa9_0/include -MMD -MP -MF"src/led.d" -MT"src/led.d" -o "src/led.o" "../src/led.c"
../src/led.c: In function 'main':
../src/led.c:21:11: warning: assignment makes pointer from integer without a cast [enabled by default]
  led_inst = XGpio_CfgInitialize(led_inst, led_config, led_config->BaseAddress);
           ^
../src/led.c:21:32: warning: 'led_inst' is used uninitialized in this function [-Wuninitialized]
  led_inst = XGpio_CfgInitialize(led_inst, led_config, led_config->BaseAddress);
                                ^
'Finished building: ../src/led.c'
' '
'Building target: test_LED.elf'
'Invoking: ARM gcc linker'
arm-xilinx-eabi-gcc -Wl,-T -Wl,../src/lscript.ld -L../../system_bsp/ps7_cortexa9_0/lib -o "test_LED.elf"  ./src/led.o   -Wl,--start-group,-lxil,-lgcc,-lc,--end-group -Wl,--start-group,-lxilisf,-lxil,-lgcc,-lc,--end-group
'Finished building target: test_LED.elf'
' '
'Invoking: ARM Print Size'
arm-xilinx-eabi-size test_LED.elf  |tee "test_LED.elf.size"
   text	   data	    bss	    dec	    hex	filename
  20876	   1144	  29796	  51816	   ca68	test_LED.elf
'Finished building: test_LED.elf.size'
' '
02:02:16 **** Auto Build of configuration Debug for project test_LED ****
make all 
'Building file: ../src/led.c'
'Invoking: ARM gcc compiler'
arm-xilinx-eabi-gcc -Wall -O0 -g3 -c -fmessage-length=0 -std=gnu99 -I../../system_bsp/ps7_cortexa9_0/include -MMD -MP -MF"src/led.d" -MT"src/led.d" -o "src/led.o" "../src/led.c"
../src/led.c: In function 'main':
../src/led.c:21:21: warning: 'led_inst' is used uninitialized in this function [-Wuninitialized]
  XGpio_CfgInitialize(led_inst, led_config, led_config->BaseAddress);
                     ^
'Finished building: ../src/led.c'
' '
'Building target: test_LED.elf'
'Invoking: ARM gcc linker'
arm-xilinx-eabi-gcc -Wl,-T -Wl,../src/lscript.ld -L../../system_bsp/ps7_cortexa9_0/lib -o "test_LED.elf"  ./src/led.o   -Wl,--start-group,-lxil,-lgcc,-lc,--end-group -Wl,--start-group,-lxilisf,-lxil,-lgcc,-lc,--end-group
'Finished building target: test_LED.elf'
' '
'Invoking: ARM Print Size'
arm-xilinx-eabi-size test_LED.elf  |tee "test_LED.elf.size"
   text	   data	    bss	    dec	    hex	filename
  20868	   1144	  29796	  51808	   ca60	test_LED.elf
'Finished building: test_LED.elf.size'
' '
02:02:35 **** Auto Build of configuration Debug for project test_LED ****
make all 
'Building file: ../src/led.c'
'Invoking: ARM gcc compiler'
arm-xilinx-eabi-gcc -Wall -O0 -g3 -c -fmessage-length=0 -std=gnu99 -I../../system_bsp/ps7_cortexa9_0/include -MMD -MP -MF"src/led.d" -MT"src/led.d" -o "src/led.o" "../src/led.c"
'Finished building: ../src/led.c'
' '
'Building target: test_LED.elf'
'Invoking: ARM gcc linker'
arm-xilinx-eabi-gcc -Wl,-T -Wl,../src/lscript.ld -L../../system_bsp/ps7_cortexa9_0/lib -o "test_LED.elf"  ./src/led.o   -Wl,--start-group,-lxil,-lgcc,-lc,--end-group -Wl,--start-group,-lxilisf,-lxil,-lgcc,-lc,--end-group
'Finished building target: test_LED.elf'
' '
'Invoking: ARM Print Size'
arm-xilinx-eabi-size test_LED.elf  |tee "test_LED.elf.size"
   text	   data	    bss	    dec	    hex	filename
  20876	   1144	  29796	  51816	   ca68	test_LED.elf
'Finished building: test_LED.elf.size'
' '
02:02:53 **** Incremental Build of configuration Debug for project test_LED ****
make all 
make: Für das Ziel »all« ist nichts zu tun.
02:03:06 **** Incremental Build of configuration Debug for project test_LED ****
make all 
make: Für das Ziel »all« ist nichts zu tun.
02:06:11 **** Auto Build of configuration Debug for project test_LED ****
make all 
'Building file: ../src/led.c'
'Invoking: ARM gcc compiler'
arm-xilinx-eabi-gcc -Wall -O0 -g3 -c -fmessage-length=0 -std=gnu99 -I../../system_bsp/ps7_cortexa9_0/include -MMD -MP -MF"src/led.d" -MT"src/led.d" -o "src/led.o" "../src/led.c"
'Finished building: ../src/led.c'
' '
'Building target: test_LED.elf'
'Invoking: ARM gcc linker'
arm-xilinx-eabi-gcc -Wl,-T -Wl,../src/lscript.ld -L../../system_bsp/ps7_cortexa9_0/lib -o "test_LED.elf"  ./src/led.o   -Wl,--start-group,-lxil,-lgcc,-lc,--end-group -Wl,--start-group,-lxilisf,-lxil,-lgcc,-lc,--end-group
'Finished building target: test_LED.elf'
' '
'Invoking: ARM Print Size'
arm-xilinx-eabi-size test_LED.elf  |tee "test_LED.elf.size"
   text	   data	    bss	    dec	    hex	filename
  23956	   1152	  29796	  54904	   d678	test_LED.elf
'Finished building: test_LED.elf.size'
' '
02:06:25 **** Incremental Build of configuration Debug for project test_LED ****
make all 
make: Für das Ziel »all« ist nichts zu tun.
02:07:00 **** Auto Build of configuration Debug for project test_LED ****
make all 
'Building file: ../src/led.c'
'Invoking: ARM gcc compiler'
arm-xilinx-eabi-gcc -Wall -O0 -g3 -c -fmessage-length=0 -std=gnu99 -I../../system_bsp/ps7_cortexa9_0/include -MMD -MP -MF"src/led.d" -MT"src/led.d" -o "src/led.o" "../src/led.c"
../src/led.c: In function 'main':
../src/led.c:25:2: warning: implicit declaration of function 'printf' [-Wimplicit-function-declaration]
  printf("LED initialisation done\n");
  ^
../src/led.c:25:2: warning: incompatible implicit declaration of built-in function 'printf' [enabled by default]
'Finished building: ../src/led.c'
' '
'Building target: test_LED.elf'
'Invoking: ARM gcc linker'
arm-xilinx-eabi-gcc -Wl,-T -Wl,../src/lscript.ld -L../../system_bsp/ps7_cortexa9_0/lib -o "test_LED.elf"  ./src/led.o   -Wl,--start-group,-lxil,-lgcc,-lc,--end-group -Wl,--start-group,-lxilisf,-lxil,-lgcc,-lc,--end-group
'Finished building target: test_LED.elf'
' '
'Invoking: ARM Print Size'
arm-xilinx-eabi-size test_LED.elf  |tee "test_LED.elf.size"
   text	   data	    bss	    dec	    hex	filename
  33052	   2184	  29860	  65096	   fe48	test_LED.elf
'Finished building: test_LED.elf.size'
' '
02:07:13 **** Auto Build of configuration Debug for project test_LED ****
make all 
'Building file: ../src/led.c'
'Invoking: ARM gcc compiler'
arm-xilinx-eabi-gcc -Wall -O0 -g3 -c -fmessage-length=0 -std=gnu99 -I../../system_bsp/ps7_cortexa9_0/include -MMD -MP -MF"src/led.d" -MT"src/led.d" -o "src/led.o" "../src/led.c"
'Finished building: ../src/led.c'
' '
'Building target: test_LED.elf'
'Invoking: ARM gcc linker'
arm-xilinx-eabi-gcc -Wl,-T -Wl,../src/lscript.ld -L../../system_bsp/ps7_cortexa9_0/lib -o "test_LED.elf"  ./src/led.o   -Wl,--start-group,-lxil,-lgcc,-lc,--end-group -Wl,--start-group,-lxilisf,-lxil,-lgcc,-lc,--end-group
'Finished building target: test_LED.elf'
' '
'Invoking: ARM Print Size'
arm-xilinx-eabi-size test_LED.elf  |tee "test_LED.elf.size"
   text	   data	    bss	    dec	    hex	filename
  33052	   2184	  29860	  65096	   fe48	test_LED.elf
'Finished building: test_LED.elf.size'
' '
02:07:22 **** Incremental Build of configuration Debug for project test_LED ****
make all 
make: Für das Ziel »all« ist nichts zu tun.
02:07:41 **** Auto Build of configuration Debug for project test_LED ****
make all 
'Building file: ../src/led.c'
'Invoking: ARM gcc compiler'
arm-xilinx-eabi-gcc -Wall -O0 -g3 -c -fmessage-length=0 -std=gnu99 -I../../system_bsp/ps7_cortexa9_0/include -MMD -MP -MF"src/led.d" -MT"src/led.d" -o "src/led.o" "../src/led.c"
'Finished building: ../src/led.c'
' '
'Building target: test_LED.elf'
'Invoking: ARM gcc linker'
arm-xilinx-eabi-gcc -Wl,-T -Wl,../src/lscript.ld -L../../system_bsp/ps7_cortexa9_0/lib -o "test_LED.elf"  ./src/led.o   -Wl,--start-group,-lxil,-lgcc,-lc,--end-group -Wl,--start-group,-lxilisf,-lxil,-lgcc,-lc,--end-group
'Finished building target: test_LED.elf'
' '
'Invoking: ARM Print Size'
arm-xilinx-eabi-size test_LED.elf  |tee "test_LED.elf.size"
   text	   data	    bss	    dec	    hex	filename
  33052	   2184	  29860	  65096	   fe48	test_LED.elf
'Finished building: test_LED.elf.size'
' '
02:08:15 **** Incremental Build of configuration Debug for project test_LED ****
make all 
make: Für das Ziel »all« ist nichts zu tun.
02:08:34 **** Incremental Build of configuration Debug for project test_LED ****
make all 
make: Für das Ziel »all« ist nichts zu tun.
02:09:10 **** Auto Build of configuration Debug for project test_LED ****
make all 
'Building file: ../src/led.c'
'Invoking: ARM gcc compiler'
arm-xilinx-eabi-gcc -Wall -O0 -g3 -c -fmessage-length=0 -std=gnu99 -I../../system_bsp/ps7_cortexa9_0/include -MMD -MP -MF"src/led.d" -MT"src/led.d" -o "src/led.o" "../src/led.c"
'Finished building: ../src/led.c'
' '
'Building target: test_LED.elf'
'Invoking: ARM gcc linker'
arm-xilinx-eabi-gcc -Wl,-T -Wl,../src/lscript.ld -L../../system_bsp/ps7_cortexa9_0/lib -o "test_LED.elf"  ./src/led.o   -Wl,--start-group,-lxil,-lgcc,-lc,--end-group -Wl,--start-group,-lxilisf,-lxil,-lgcc,-lc,--end-group
'Finished building target: test_LED.elf'
' '
'Invoking: ARM Print Size'
arm-xilinx-eabi-size test_LED.elf  |tee "test_LED.elf.size"
   text	   data	    bss	    dec	    hex	filename
  33052	   2184	  29860	  65096	   fe48	test_LED.elf
'Finished building: test_LED.elf.size'
' '
02:09:23 **** Incremental Build of configuration Debug for project test_LED ****
make all 
make: Für das Ziel »all« ist nichts zu tun.
02:12:29 **** Auto Build of configuration Debug for project test_LED ****
make all 
'Building file: ../src/led.c'
'Invoking: ARM gcc compiler'
arm-xilinx-eabi-gcc -Wall -O0 -g3 -c -fmessage-length=0 -std=gnu99 -I../../system_bsp/ps7_cortexa9_0/include -MMD -MP -MF"src/led.d" -MT"src/led.d" -o "src/led.o" "../src/led.c"
../src/led.c: In function 'main':
../src/led.c:24:21: warning: 'led_inst' is used uninitialized in this function [-Wuninitialized]
  XGpio_CfgInitialize(led_inst, led_config, led_config->BaseAddress);
                     ^
'Finished building: ../src/led.c'
' '
'Building target: test_LED.elf'
'Invoking: ARM gcc linker'
arm-xilinx-eabi-gcc -Wl,-T -Wl,../src/lscript.ld -L../../system_bsp/ps7_cortexa9_0/lib -o "test_LED.elf"  ./src/led.o   -Wl,--start-group,-lxil,-lgcc,-lc,--end-group -Wl,--start-group,-lxilisf,-lxil,-lgcc,-lc,--end-group
'Finished building target: test_LED.elf'
' '
'Invoking: ARM Print Size'
arm-xilinx-eabi-size test_LED.elf  |tee "test_LED.elf.size"
   text	   data	    bss	    dec	    hex	filename
  33052	   2184	  29860	  65096	   fe48	test_LED.elf
'Finished building: test_LED.elf.size'
' '
02:12:33 **** Incremental Build of configuration Debug for project test_LED ****
make all 
make: Für das Ziel »all« ist nichts zu tun.
02:12:45 **** Incremental Build of configuration Debug for project test_LED ****
make all 
make: Für das Ziel »all« ist nichts zu tun.
02:14:35 **** Auto Build of configuration Debug for project test_LED ****
make all 
'Building file: ../src/led.c'
'Invoking: ARM gcc compiler'
arm-xilinx-eabi-gcc -Wall -O0 -g3 -c -fmessage-length=0 -std=gnu99 -I../../system_bsp/ps7_cortexa9_0/include -MMD -MP -MF"src/led.d" -MT"src/led.d" -o "src/led.o" "../src/led.c"
../src/led.c: In function 'main':
../src/led.c:24:21: warning: 'led_inst' is used uninitialized in this function [-Wuninitialized]
  XGpio_CfgInitialize(led_inst, led_config, led_config->BaseAddress);
                     ^
'Finished building: ../src/led.c'
' '
'Building target: test_LED.elf'
'Invoking: ARM gcc linker'
arm-xilinx-eabi-gcc -Wl,-T -Wl,../src/lscript.ld -L../../system_bsp/ps7_cortexa9_0/lib -o "test_LED.elf"  ./src/led.o   -Wl,--start-group,-lxil,-lgcc,-lc,--end-group -Wl,--start-group,-lxilisf,-lxil,-lgcc,-lc,--end-group
'Finished building target: test_LED.elf'
' '
'Invoking: ARM Print Size'
arm-xilinx-eabi-size test_LED.elf  |tee "test_LED.elf.size"
   text	   data	    bss	    dec	    hex	filename
  33052	   2184	  29860	  65096	   fe48	test_LED.elf
'Finished building: test_LED.elf.size'
' '
02:14:39 **** Incremental Build of configuration Debug for project test_LED ****
make all 
make: Für das Ziel »all« ist nichts zu tun.
02:15:04 **** Auto Build of configuration Debug for project test_LED ****
make all 
'Building file: ../src/led.c'
'Invoking: ARM gcc compiler'
arm-xilinx-eabi-gcc -Wall -O0 -g3 -c -fmessage-length=0 -std=gnu99 -I../../system_bsp/ps7_cortexa9_0/include -MMD -MP -MF"src/led.d" -MT"src/led.d" -o "src/led.o" "../src/led.c"
../src/led.c: In function 'main':
../src/led.c:24:21: warning: 'led_inst' is used uninitialized in this function [-Wuninitialized]
  XGpio_CfgInitialize(led_inst, led_config, led_config->BaseAddress);
                     ^
'Finished building: ../src/led.c'
' '
'Building target: test_LED.elf'
'Invoking: ARM gcc linker'
arm-xilinx-eabi-gcc -Wl,-T -Wl,../src/lscript.ld -L../../system_bsp/ps7_cortexa9_0/lib -o "test_LED.elf"  ./src/led.o   -Wl,--start-group,-lxil,-lgcc,-lc,--end-group -Wl,--start-group,-lxilisf,-lxil,-lgcc,-lc,--end-group
'Finished building target: test_LED.elf'
' '
'Invoking: ARM Print Size'
arm-xilinx-eabi-size test_LED.elf  |tee "test_LED.elf.size"
   text	   data	    bss	    dec	    hex	filename
  33052	   2184	  29860	  65096	   fe48	test_LED.elf
'Finished building: test_LED.elf.size'
' '
02:15:08 **** Incremental Build of configuration Debug for project test_LED ****
make all 
make: Für das Ziel »all« ist nichts zu tun.
02:15:43 **** Auto Build of configuration Debug for project test_LED ****
make all 
'Building file: ../src/led.c'
'Invoking: ARM gcc compiler'
arm-xilinx-eabi-gcc -Wall -O0 -g3 -c -fmessage-length=0 -std=gnu99 -I../../system_bsp/ps7_cortexa9_0/include -MMD -MP -MF"src/led.d" -MT"src/led.d" -o "src/led.o" "../src/led.c"
../src/led.c: In function 'main':
../src/led.c:24:21: warning: 'led_inst' is used uninitialized in this function [-Wuninitialized]
  XGpio_CfgInitialize(led_inst, led_config, led_config->BaseAddress);
                     ^
'Finished building: ../src/led.c'
' '
'Building target: test_LED.elf'
'Invoking: ARM gcc linker'
arm-xilinx-eabi-gcc -Wl,-T -Wl,../src/lscript.ld -L../../system_bsp/ps7_cortexa9_0/lib -o "test_LED.elf"  ./src/led.o   -Wl,--start-group,-lxil,-lgcc,-lc,--end-group -Wl,--start-group,-lxilisf,-lxil,-lgcc,-lc,--end-group
'Finished building target: test_LED.elf'
' '
'Invoking: ARM Print Size'
arm-xilinx-eabi-size test_LED.elf  |tee "test_LED.elf.size"
   text	   data	    bss	    dec	    hex	filename
  33052	   2184	  29860	  65096	   fe48	test_LED.elf
'Finished building: test_LED.elf.size'
' '
02:15:49 **** Incremental Build of configuration Debug for project test_LED ****
make all 
make: Für das Ziel »all« ist nichts zu tun.
02:16:16 **** Incremental Build of configuration Debug for project test_LED ****
make all 
make: Für das Ziel »all« ist nichts zu tun.
02:21:09 **** Auto Build of configuration Debug for project test_LED ****
make all 
'Building file: ../src/led.c'
'Invoking: ARM gcc compiler'
arm-xilinx-eabi-gcc -Wall -O0 -g3 -c -fmessage-length=0 -std=gnu99 -I../../system_bsp/ps7_cortexa9_0/include -MMD -MP -MF"src/led.d" -MT"src/led.d" -o "src/led.o" "../src/led.c"
../src/led.c: In function 'main':
../src/led.c:24:21: warning: 'led_inst' is used uninitialized in this function [-Wuninitialized]
  XGpio_CfgInitialize(led_inst, led_config, led_config->BaseAddress);
                     ^
'Finished building: ../src/led.c'
' '
'Building target: test_LED.elf'
'Invoking: ARM gcc linker'
arm-xilinx-eabi-gcc -Wl,-T -Wl,../src/lscript.ld -L../../system_bsp/ps7_cortexa9_0/lib -o "test_LED.elf"  ./src/led.o   -Wl,--start-group,-lxil,-lgcc,-lc,--end-group -Wl,--start-group,-lxilisf,-lxil,-lgcc,-lc,--end-group
'Finished building target: test_LED.elf'
' '
'Invoking: ARM Print Size'
arm-xilinx-eabi-size test_LED.elf  |tee "test_LED.elf.size"
   text	   data	    bss	    dec	    hex	filename
  33052	   2184	  29860	  65096	   fe48	test_LED.elf
'Finished building: test_LED.elf.size'
' '
02:21:15 **** Incremental Build of configuration Debug for project test_LED ****
make all 
make: Für das Ziel »all« ist nichts zu tun.
02:25:07 **** Auto Build of configuration Debug for project test_LED ****
make all 
'Building file: ../src/led.c'
'Invoking: ARM gcc compiler'
arm-xilinx-eabi-gcc -Wall -O0 -g3 -c -fmessage-length=0 -std=gnu99 -I../../system_bsp/ps7_cortexa9_0/include -MMD -MP -MF"src/led.d" -MT"src/led.d" -o "src/led.o" "../src/led.c"
../src/led.c: In function 'main':
../src/led.c:24:21: warning: 'led_inst' is used uninitialized in this function [-Wuninitialized]
  XGpio_CfgInitialize(led_inst, led_config, led_config->BaseAddress);
                     ^
'Finished building: ../src/led.c'
' '
'Building target: test_LED.elf'
'Invoking: ARM gcc linker'
arm-xilinx-eabi-gcc -Wl,-T -Wl,../src/lscript.ld -L../../system_bsp/ps7_cortexa9_0/lib -o "test_LED.elf"  ./src/led.o   -Wl,--start-group,-lxil,-lgcc,-lc,--end-group -Wl,--start-group,-lxilisf,-lxil,-lgcc,-lc,--end-group
'Finished building target: test_LED.elf'
' '
'Invoking: ARM Print Size'
arm-xilinx-eabi-size test_LED.elf  |tee "test_LED.elf.size"
   text	   data	    bss	    dec	    hex	filename
  33052	   2184	  29860	  65096	   fe48	test_LED.elf
'Finished building: test_LED.elf.size'
' '

**** Build of configuration Debug for project test_taster ****

Nothing to build for project test_taster
02:26:05 **** Auto Build of configuration Debug for project test_taster ****
make all 
'Building file: ../src/taster.c'
'Invoking: ARM gcc compiler'
arm-xilinx-eabi-gcc -Wall -O0 -g3 -c -fmessage-length=0 -I../../system_bsp/ps7_cortexa9_0/include -MMD -MP -MF"src/taster.d" -MT"src/taster.d" -o "src/taster.o" "../src/taster.c"
'Finished building: ../src/taster.c'
' '
'Building target: test_taster.elf'
'Invoking: ARM gcc linker'
arm-xilinx-eabi-gcc -Wl,-T -Wl,../src/lscript.ld -L../../system_bsp/ps7_cortexa9_0/lib -o "test_taster.elf"  ./src/taster.o   -Wl,--start-group,-lxil,-lgcc,-lc,--end-group -Wl,--start-group,-lxilisf,-lxil,-lgcc,-lc,--end-group
../../system_bsp/ps7_cortexa9_0/lib\libxil.a(xil-crt0.o): In function `_start':
C:\Users\phil\Documents\vivado\zybo_base_system\source\vivado\hw\zybo_bsd\zybo_bsd.sdk\system_bsp\ps7_cortexa9_0\libsrc\standalone_v4_1\src/xil-crt0.S:149: undefined reference to `main'
collect2.exe: error: ld returned 1 exit status
make: *** [test_taster.elf] Fehler 1
02:26:39 **** Auto Build of configuration Debug for project test_taster ****
make all 
'Building file: ../src/taster.c'
'Invoking: ARM gcc compiler'
arm-xilinx-eabi-gcc -Wall -O0 -g3 -c -fmessage-length=0 -I../../system_bsp/ps7_cortexa9_0/include -MMD -MP -MF"src/taster.d" -MT"src/taster.d" -o "src/taster.o" "../src/taster.c"
../src/taster.c:11:19: fatal error: xpgio.h: No such file or directory
 #include <xpgio.h>
                   ^
compilation terminated.
make: *** [src/taster.o] Fehler 1
02:27:53 **** Auto Build of configuration Debug for project test_taster ****
make all 
'Building file: ../src/taster.c'
'Invoking: ARM gcc compiler'
arm-xilinx-eabi-gcc -Wall -O0 -g3 -c -fmessage-length=0 -I../../system_bsp/ps7_cortexa9_0/include -MMD -MP -MF"src/taster.d" -MT"src/taster.d" -o "src/taster.o" "../src/taster.c"
'Finished building: ../src/taster.c'
' '
'Building target: test_taster.elf'
'Invoking: ARM gcc linker'
arm-xilinx-eabi-gcc -Wl,-T -Wl,../src/lscript.ld -L../../system_bsp/ps7_cortexa9_0/lib -o "test_taster.elf"  ./src/taster.o   -Wl,--start-group,-lxil,-lgcc,-lc,--end-group -Wl,--start-group,-lxilisf,-lxil,-lgcc,-lc,--end-group
../../system_bsp/ps7_cortexa9_0/lib\libxil.a(xil-crt0.o): In function `_start':
C:\Users\phil\Documents\vivado\zybo_base_system\source\vivado\hw\zybo_bsd\zybo_bsd.sdk\system_bsp\ps7_cortexa9_0\libsrc\standalone_v4_1\src/xil-crt0.S:149: undefined reference to `main'
collect2.exe: error: ld returned 1 exit status
make: *** [test_taster.elf] Fehler 1
02:29:27 **** Auto Build of configuration Debug for project test_taster ****
make all 
'Building file: ../src/taster.c'
'Invoking: ARM gcc compiler'
arm-xilinx-eabi-gcc -Wall -O0 -g3 -c -fmessage-length=0 -I../../system_bsp/ps7_cortexa9_0/include -MMD -MP -MF"src/taster.d" -MT"src/taster.d" -o "src/taster.o" "../src/taster.c"
../src/taster.c: In function 'main':
../src/taster.c:21:2: warning: large integer implicitly truncated to unsigned type [-Woverflow]
  XGpio_Initialize(btn_inst, BTN_DEVICE_ID);
  ^
../src/taster.c:22:1: warning: control reaches end of non-void function [-Wreturn-type]
 }
 ^
../src/taster.c:20:18: warning: 'led_inst' is used uninitialized in this function [-Wuninitialized]
  XGpio_Initialize(led_inst, LED_DEVICE_ID);
                  ^
../src/taster.c:21:18: warning: 'btn_inst' is used uninitialized in this function [-Wuninitialized]
  XGpio_Initialize(btn_inst, BTN_DEVICE_ID);
                  ^
'Finished building: ../src/taster.c'
' '
'Building target: test_taster.elf'
'Invoking: ARM gcc linker'
arm-xilinx-eabi-gcc -Wl,-T -Wl,../src/lscript.ld -L../../system_bsp/ps7_cortexa9_0/lib -o "test_taster.elf"  ./src/taster.o   -Wl,--start-group,-lxil,-lgcc,-lc,--end-group -Wl,--start-group,-lxilisf,-lxil,-lgcc,-lc,--end-group
'Finished building target: test_taster.elf'
' '
'Invoking: ARM Print Size'
arm-xilinx-eabi-size test_taster.elf  |tee "test_taster.elf.size"
   text	   data	    bss	    dec	    hex	filename
  20740	   1144	  29796	  51680	   c9e0	test_taster.elf
'Finished building: test_taster.elf.size'
' '
02:30:39 **** Auto Build of configuration Debug for project test_taster ****
make all 
'Building file: ../src/taster.c'
'Invoking: ARM gcc compiler'
arm-xilinx-eabi-gcc -Wall -O0 -g3 -c -fmessage-length=0 -I../../system_bsp/ps7_cortexa9_0/include -MMD -MP -MF"src/taster.d" -MT"src/taster.d" -o "src/taster.o" "../src/taster.c"
../src/taster.c: In function 'main':
../src/taster.c:22:2: warning: large integer implicitly truncated to unsigned type [-Woverflow]
  XGpio_Initialize(btn_inst, BTN_DEVICE_ID);
  ^
../src/taster.c:25:1: warning: control reaches end of non-void function [-Wreturn-type]
 }
 ^
../src/taster.c:21:18: warning: 'led_inst' is used uninitialized in this function [-Wuninitialized]
  XGpio_Initialize(led_inst, LED_DEVICE_ID);
                  ^
../src/taster.c:22:18: warning: 'btn_inst' is used uninitialized in this function [-Wuninitialized]
  XGpio_Initialize(btn_inst, BTN_DEVICE_ID);
                  ^
'Finished building: ../src/taster.c'
' '
'Building target: test_taster.elf'
'Invoking: ARM gcc linker'
arm-xilinx-eabi-gcc -Wl,-T -Wl,../src/lscript.ld -L../../system_bsp/ps7_cortexa9_0/lib -o "test_taster.elf"  ./src/taster.o   -Wl,--start-group,-lxil,-lgcc,-lc,--end-group -Wl,--start-group,-lxilisf,-lxil,-lgcc,-lc,--end-group
'Finished building target: test_taster.elf'
' '
'Invoking: ARM Print Size'
arm-xilinx-eabi-size test_taster.elf  |tee "test_taster.elf.size"
   text	   data	    bss	    dec	    hex	filename
  20740	   1144	  29796	  51680	   c9e0	test_taster.elf
'Finished building: test_taster.elf.size'
' '
02:32:39 **** Auto Build of configuration Debug for project test_taster ****
make all 
'Building file: ../src/taster.c'
'Invoking: ARM gcc compiler'
arm-xilinx-eabi-gcc -Wall -O0 -g3 -c -fmessage-length=0 -I../../system_bsp/ps7_cortexa9_0/include -MMD -MP -MF"src/taster.d" -MT"src/taster.d" -o "src/taster.o" "../src/taster.c"
../src/taster.c: In function 'main':
../src/taster.c:22:2: warning: large integer implicitly truncated to unsigned type [-Woverflow]
  XGpio_Initialize(btn_inst, BTN_DEVICE_ID);
  ^
../src/taster.c:25:1: warning: control reaches end of non-void function [-Wreturn-type]
 }
 ^
../src/taster.c:21:18: warning: 'led_inst' is used uninitialized in this function [-Wuninitialized]
  XGpio_Initialize(led_inst, LED_DEVICE_ID);
                  ^
../src/taster.c:22:18: warning: 'btn_inst' is used uninitialized in this function [-Wuninitialized]
  XGpio_Initialize(btn_inst, BTN_DEVICE_ID);
                  ^
'Finished building: ../src/taster.c'
' '
'Building target: test_taster.elf'
'Invoking: ARM gcc linker'
arm-xilinx-eabi-gcc -Wl,-T -Wl,../src/lscript.ld -L../../system_bsp/ps7_cortexa9_0/lib -o "test_taster.elf"  ./src/taster.o   -Wl,--start-group,-lxil,-lgcc,-lc,--end-group -Wl,--start-group,-lxilisf,-lxil,-lgcc,-lc,--end-group
'Finished building target: test_taster.elf'
' '
'Invoking: ARM Print Size'
arm-xilinx-eabi-size test_taster.elf  |tee "test_taster.elf.size"
   text	   data	    bss	    dec	    hex	filename
  20740	   1144	  29796	  51680	   c9e0	test_taster.elf
'Finished building: test_taster.elf.size'
' '
02:32:45 **** Auto Build of configuration Debug for project test_taster ****
make all 
'Building file: ../src/taster.c'
'Invoking: ARM gcc compiler'
arm-xilinx-eabi-gcc -Wall -O0 -g3 -c -fmessage-length=0 -I../../system_bsp/ps7_cortexa9_0/include -MMD -MP -MF"src/taster.d" -MT"src/taster.d" -o "src/taster.o" "../src/taster.c"
../src/taster.c: In function 'main':
../src/taster.c:22:2: warning: large integer implicitly truncated to unsigned type [-Woverflow]
  XGpio_Initialize(btn_inst, BTN_DEVICE_ID);
  ^
../src/taster.c:25:1: warning: control reaches end of non-void function [-Wreturn-type]
 }
 ^
../src/taster.c:21:18: warning: 'led_inst' is used uninitialized in this function [-Wuninitialized]
  XGpio_Initialize(led_inst, LED_DEVICE_ID);
                  ^
../src/taster.c:22:18: warning: 'btn_inst' is used uninitialized in this function [-Wuninitialized]
  XGpio_Initialize(btn_inst, BTN_DEVICE_ID);
                  ^
'Finished building: ../src/taster.c'
' '
'Building target: test_taster.elf'
'Invoking: ARM gcc linker'
arm-xilinx-eabi-gcc -Wl,-T -Wl,../src/lscript.ld -L../../system_bsp/ps7_cortexa9_0/lib -o "test_taster.elf"  ./src/taster.o   -Wl,--start-group,-lxil,-lgcc,-lc,--end-group -Wl,--start-group,-lxilisf,-lxil,-lgcc,-lc,--end-group
'Finished building target: test_taster.elf'
' '
'Invoking: ARM Print Size'
arm-xilinx-eabi-size test_taster.elf  |tee "test_taster.elf.size"
   text	   data	    bss	    dec	    hex	filename
  20740	   1144	  29796	  51680	   c9e0	test_taster.elf
'Finished building: test_taster.elf.size'
' '
11:05:17 **** Clean-only build of configuration Debug for project test_taster ****
make clean 
rm -rf  ./src/taster.o  ./src/taster.d  test_taster.elf.size  test_taster.elf
' '
11:05:18 **** Auto Build of configuration Debug for project test_taster ****
make all 
'Building file: ../src/taster.c'
'Invoking: ARM gcc compiler'
arm-xilinx-eabi-gcc -Wall -O0 -g3 -c -fmessage-length=0 -I../../system_bsp/ps7_cortexa9_0/include -MMD -MP -MF"src/taster.d" -MT"src/taster.d" -o "src/taster.o" "../src/taster.c"
../src/taster.c: In function 'main':
../src/taster.c:26:2: warning: large integer implicitly truncated to unsigned type [-Woverflow]
  status = XGpio_Initialize(btn_inst, BTN_DEVICE_ID);
  ^
../src/taster.c:31:1: warning: control reaches end of non-void function [-Wreturn-type]
 }
 ^
../src/taster.c:22:9: warning: 'led_inst' is used uninitialized in this function [-Wuninitialized]
  status = XGpio_Initialize(led_inst, LED_DEVICE_ID);
         ^
../src/taster.c:26:9: warning: 'btn_inst' may be used uninitialized in this function [-Wmaybe-uninitialized]
  status = XGpio_Initialize(btn_inst, BTN_DEVICE_ID);
         ^
'Finished building: ../src/taster.c'
' '
'Building target: test_taster.elf'
'Invoking: ARM gcc linker'
arm-xilinx-eabi-gcc -Wl,-T -Wl,../src/lscript.ld -L../../system_bsp/ps7_cortexa9_0/lib -o "test_taster.elf"  ./src/taster.o   -Wl,--start-group,-lxil,-lgcc,-lc,--end-group -Wl,--start-group,-lxilisf,-lxil,-lgcc,-lc,--end-group
'Finished building target: test_taster.elf'
' '
'Invoking: ARM Print Size'
arm-xilinx-eabi-size test_taster.elf  |tee "test_taster.elf.size"
   text	   data	    bss	    dec	    hex	filename
  20788	   1144	  29796	  51728	   ca10	test_taster.elf
'Finished building: test_taster.elf.size'
' '
11:08:43 **** Auto Build of configuration Debug for project test_taster ****
make all 
'Building file: ../src/taster.c'
'Invoking: ARM gcc compiler'
arm-xilinx-eabi-gcc -Wall -O0 -g3 -c -fmessage-length=0 -I../../system_bsp/ps7_cortexa9_0/include -MMD -MP -MF"src/taster.d" -MT"src/taster.d" -o "src/taster.o" "../src/taster.c"
../src/taster.c: In function 'main':
../src/taster.c:28:2: warning: large integer implicitly truncated to unsigned type [-Woverflow]
  status = XGpio_Initialize(btn_inst, BTN_DEVICE_ID);
  ^
../src/taster.c:33:1: warning: control reaches end of non-void function [-Wreturn-type]
 }
 ^
../src/taster.c:24:9: warning: 'led_inst' is used uninitialized in this function [-Wuninitialized]
  status = XGpio_Initialize(led_inst, LED_DEVICE_ID);
         ^
../src/taster.c:28:9: warning: 'btn_inst' may be used uninitialized in this function [-Wmaybe-uninitialized]
  status = XGpio_Initialize(btn_inst, BTN_DEVICE_ID);
         ^
'Finished building: ../src/taster.c'
' '
'Building target: test_taster.elf'
'Invoking: ARM gcc linker'
arm-xilinx-eabi-gcc -Wl,-T -Wl,../src/lscript.ld -L../../system_bsp/ps7_cortexa9_0/lib -o "test_taster.elf"  ./src/taster.o   -Wl,--start-group,-lxil,-lgcc,-lc,--end-group -Wl,--start-group,-lxilisf,-lxil,-lgcc,-lc,--end-group
'Finished building target: test_taster.elf'
' '
'Invoking: ARM Print Size'
arm-xilinx-eabi-size test_taster.elf  |tee "test_taster.elf.size"
   text	   data	    bss	    dec	    hex	filename
  20788	   1144	  29796	  51728	   ca10	test_taster.elf
'Finished building: test_taster.elf.size'
' '
11:10:11 **** Auto Build of configuration Debug for project test_taster ****
make all 
'Building file: ../src/taster.c'
'Invoking: ARM gcc compiler'
arm-xilinx-eabi-gcc -Wall -O0 -g3 -c -fmessage-length=0 -I../../system_bsp/ps7_cortexa9_0/include -MMD -MP -MF"src/taster.d" -MT"src/taster.d" -o "src/taster.o" "../src/taster.c"
../src/taster.c:13:24: fatal error: xexception.h: No such file or directory
 #include <xexception.h>
                        ^
compilation terminated.
make: *** [src/taster.o] Fehler 1
11:10:28 **** Auto Build of configuration Debug for project test_taster ****
make all 
'Building file: ../src/taster.c'
'Invoking: ARM gcc compiler'
arm-xilinx-eabi-gcc -Wall -O0 -g3 -c -fmessage-length=0 -I../../system_bsp/ps7_cortexa9_0/include -MMD -MP -MF"src/taster.d" -MT"src/taster.d" -o "src/taster.o" "../src/taster.c"
../src/taster.c: In function 'main':
../src/taster.c:30:2: warning: large integer implicitly truncated to unsigned type [-Woverflow]
  status = XGpio_Initialize(btn_inst, BTN_DEVICE_ID);
  ^
../src/taster.c:35:1: warning: control reaches end of non-void function [-Wreturn-type]
 }
 ^
../src/taster.c:26:9: warning: 'led_inst' is used uninitialized in this function [-Wuninitialized]
  status = XGpio_Initialize(led_inst, LED_DEVICE_ID);
         ^
../src/taster.c:30:9: warning: 'btn_inst' may be used uninitialized in this function [-Wmaybe-uninitialized]
  status = XGpio_Initialize(btn_inst, BTN_DEVICE_ID);
         ^
'Finished building: ../src/taster.c'
' '
'Building target: test_taster.elf'
'Invoking: ARM gcc linker'
arm-xilinx-eabi-gcc -Wl,-T -Wl,../src/lscript.ld -L../../system_bsp/ps7_cortexa9_0/lib -o "test_taster.elf"  ./src/taster.o   -Wl,--start-group,-lxil,-lgcc,-lc,--end-group -Wl,--start-group,-lxilisf,-lxil,-lgcc,-lc,--end-group
'Finished building target: test_taster.elf'
' '
'Invoking: ARM Print Size'
arm-xilinx-eabi-size test_taster.elf  |tee "test_taster.elf.size"
   text	   data	    bss	    dec	    hex	filename
  20788	   1144	  29796	  51728	   ca10	test_taster.elf
'Finished building: test_taster.elf.size'
' '
11:10:43 **** Auto Build of configuration Debug for project test_taster ****
make all 
'Building file: ../src/taster.c'
'Invoking: ARM gcc compiler'
arm-xilinx-eabi-gcc -Wall -O0 -g3 -c -fmessage-length=0 -I../../system_bsp/ps7_cortexa9_0/include -MMD -MP -MF"src/taster.d" -MT"src/taster.d" -o "src/taster.o" "../src/taster.c"
../src/taster.c: In function 'main':
../src/taster.c:30:2: warning: large integer implicitly truncated to unsigned type [-Woverflow]
  status = XGpio_Initialize(btn_inst, BTN_DEVICE_ID);
  ^
../src/taster.c:26:9: warning: 'led_inst' is used uninitialized in this function [-Wuninitialized]
  status = XGpio_Initialize(led_inst, LED_DEVICE_ID);
         ^
../src/taster.c:30:9: warning: 'btn_inst' may be used uninitialized in this function [-Wmaybe-uninitialized]
  status = XGpio_Initialize(btn_inst, BTN_DEVICE_ID);
         ^
'Finished building: ../src/taster.c'
' '
'Building target: test_taster.elf'
'Invoking: ARM gcc linker'
arm-xilinx-eabi-gcc -Wl,-T -Wl,../src/lscript.ld -L../../system_bsp/ps7_cortexa9_0/lib -o "test_taster.elf"  ./src/taster.o   -Wl,--start-group,-lxil,-lgcc,-lc,--end-group -Wl,--start-group,-lxilisf,-lxil,-lgcc,-lc,--end-group
'Finished building target: test_taster.elf'
' '
'Invoking: ARM Print Size'
arm-xilinx-eabi-size test_taster.elf  |tee "test_taster.elf.size"
   text	   data	    bss	    dec	    hex	filename
  20792	   1144	  29796	  51732	   ca14	test_taster.elf
'Finished building: test_taster.elf.size'
' '
11:10:46 **** Auto Build of configuration Debug for project test_taster ****
make all 
'Building file: ../src/taster.c'
'Invoking: ARM gcc compiler'
arm-xilinx-eabi-gcc -Wall -O0 -g3 -c -fmessage-length=0 -I../../system_bsp/ps7_cortexa9_0/include -MMD -MP -MF"src/taster.d" -MT"src/taster.d" -o "src/taster.o" "../src/taster.c"
../src/taster.c: In function 'main':
../src/taster.c:30:2: warning: large integer implicitly truncated to unsigned type [-Woverflow]
  status = XGpio_Initialize(btn_inst, BTN_DEVICE_ID);
  ^
../src/taster.c:26:9: warning: 'led_inst' is used uninitialized in this function [-Wuninitialized]
  status = XGpio_Initialize(led_inst, LED_DEVICE_ID);
         ^
../src/taster.c:30:9: warning: 'btn_inst' may be used uninitialized in this function [-Wmaybe-uninitialized]
  status = XGpio_Initialize(btn_inst, BTN_DEVICE_ID);
         ^
'Finished building: ../src/taster.c'
' '
'Building target: test_taster.elf'
'Invoking: ARM gcc linker'
arm-xilinx-eabi-gcc -Wl,-T -Wl,../src/lscript.ld -L../../system_bsp/ps7_cortexa9_0/lib -o "test_taster.elf"  ./src/taster.o   -Wl,--start-group,-lxil,-lgcc,-lc,--end-group -Wl,--start-group,-lxilisf,-lxil,-lgcc,-lc,--end-group
'Finished building target: test_taster.elf'
' '
'Invoking: ARM Print Size'
arm-xilinx-eabi-size test_taster.elf  |tee "test_taster.elf.size"
   text	   data	    bss	    dec	    hex	filename
  20792	   1144	  29796	  51732	   ca14	test_taster.elf
'Finished building: test_taster.elf.size'
' '
11:13:40 **** Auto Build of configuration Debug for project test_taster ****
make all 
'Building file: ../src/taster.c'
'Invoking: ARM gcc compiler'
arm-xilinx-eabi-gcc -Wall -O0 -g3 -c -fmessage-length=0 -I../../system_bsp/ps7_cortexa9_0/include -MMD -MP -MF"src/taster.d" -MT"src/taster.d" -o "src/taster.o" "../src/taster.c"
../src/taster.c: In function 'main':
../src/taster.c:30:2: warning: large integer implicitly truncated to unsigned type [-Woverflow]
  status = XGpio_Initialize(btn_inst, BTN_DEVICE_ID);
  ^
../src/taster.c:26:9: warning: 'led_inst' is used uninitialized in this function [-Wuninitialized]
  status = XGpio_Initialize(led_inst, LED_DEVICE_ID);
         ^
../src/taster.c:30:9: warning: 'btn_inst' may be used uninitialized in this function [-Wmaybe-uninitialized]
  status = XGpio_Initialize(btn_inst, BTN_DEVICE_ID);
         ^
'Finished building: ../src/taster.c'
' '
'Building target: test_taster.elf'
'Invoking: ARM gcc linker'
arm-xilinx-eabi-gcc -Wl,-T -Wl,../src/lscript.ld -L../../system_bsp/ps7_cortexa9_0/lib -o "test_taster.elf"  ./src/taster.o   -Wl,--start-group,-lxil,-lgcc,-lc,--end-group -Wl,--start-group,-lxilisf,-lxil,-lgcc,-lc,--end-group
'Finished building target: test_taster.elf'
' '
'Invoking: ARM Print Size'
arm-xilinx-eabi-size test_taster.elf  |tee "test_taster.elf.size"
   text	   data	    bss	    dec	    hex	filename
  20960	   1144	  29796	  51900	   cabc	test_taster.elf
'Finished building: test_taster.elf.size'
' '
11:14:16 **** Auto Build of configuration Debug for project test_taster ****
make all 
'Building file: ../src/taster.c'
'Invoking: ARM gcc compiler'
arm-xilinx-eabi-gcc -Wall -O0 -g3 -c -fmessage-length=0 -I../../system_bsp/ps7_cortexa9_0/include -MMD -MP -MF"src/taster.d" -MT"src/taster.d" -o "src/taster.o" "../src/taster.c"
../src/taster.c: In function 'main':
../src/taster.c:31:2: warning: large integer implicitly truncated to unsigned type [-Woverflow]
  status = XGpio_Initialize(btn_inst, BTN_DEVICE_ID);
  ^
../src/taster.c:27:9: warning: 'led_inst' is used uninitialized in this function [-Wuninitialized]
  status = XGpio_Initialize(led_inst, LED_DEVICE_ID);
         ^
../src/taster.c:31:9: warning: 'btn_inst' may be used uninitialized in this function [-Wmaybe-uninitialized]
  status = XGpio_Initialize(btn_inst, BTN_DEVICE_ID);
         ^
'Finished building: ../src/taster.c'
' '
'Building target: test_taster.elf'
'Invoking: ARM gcc linker'
arm-xilinx-eabi-gcc -Wl,-T -Wl,../src/lscript.ld -L../../system_bsp/ps7_cortexa9_0/lib -o "test_taster.elf"  ./src/taster.o   -Wl,--start-group,-lxil,-lgcc,-lc,--end-group -Wl,--start-group,-lxilisf,-lxil,-lgcc,-lc,--end-group
'Finished building target: test_taster.elf'
' '
'Invoking: ARM Print Size'
arm-xilinx-eabi-size test_taster.elf  |tee "test_taster.elf.size"
   text	   data	    bss	    dec	    hex	filename
  20960	   1144	  29796	  51900	   cabc	test_taster.elf
'Finished building: test_taster.elf.size'
' '
11:14:18 **** Auto Build of configuration Debug for project test_taster ****
make all 
'Building file: ../src/taster.c'
'Invoking: ARM gcc compiler'
arm-xilinx-eabi-gcc -Wall -O0 -g3 -c -fmessage-length=0 -I../../system_bsp/ps7_cortexa9_0/include -MMD -MP -MF"src/taster.d" -MT"src/taster.d" -o "src/taster.o" "../src/taster.c"
../src/taster.c: In function 'main':
../src/taster.c:31:2: warning: large integer implicitly truncated to unsigned type [-Woverflow]
  status = XGpio_Initialize(btn_inst, BTN_DEVICE_ID);
  ^
../src/taster.c:27:9: warning: 'led_inst' is used uninitialized in this function [-Wuninitialized]
  status = XGpio_Initialize(led_inst, LED_DEVICE_ID);
         ^
../src/taster.c:31:9: warning: 'btn_inst' may be used uninitialized in this function [-Wmaybe-uninitialized]
  status = XGpio_Initialize(btn_inst, BTN_DEVICE_ID);
         ^
'Finished building: ../src/taster.c'
' '
'Building target: test_taster.elf'
'Invoking: ARM gcc linker'
arm-xilinx-eabi-gcc -Wl,-T -Wl,../src/lscript.ld -L../../system_bsp/ps7_cortexa9_0/lib -o "test_taster.elf"  ./src/taster.o   -Wl,--start-group,-lxil,-lgcc,-lc,--end-group -Wl,--start-group,-lxilisf,-lxil,-lgcc,-lc,--end-group
'Finished building target: test_taster.elf'
' '
'Invoking: ARM Print Size'
arm-xilinx-eabi-size test_taster.elf  |tee "test_taster.elf.size"
   text	   data	    bss	    dec	    hex	filename
  20960	   1144	  29796	  51900	   cabc	test_taster.elf
'Finished building: test_taster.elf.size'
' '
11:15:52 **** Auto Build of configuration Debug for project test_taster ****
make all 
'Building file: ../src/taster.c'
'Invoking: ARM gcc compiler'
arm-xilinx-eabi-gcc -Wall -O0 -g3 -c -fmessage-length=0 -I../../system_bsp/ps7_cortexa9_0/include -MMD -MP -MF"src/taster.d" -MT"src/taster.d" -o "src/taster.o" "../src/taster.c"
../src/taster.c: In function 'main':
../src/taster.c:33:2: warning: large integer implicitly truncated to unsigned type [-Woverflow]
  status = XGpio_Initialize(btn_inst, BTN_DEVICE_ID);
  ^
../src/taster.c:47:2: error: expected expression before 'return'
  return XST_SUCCESS;
  ^
../src/taster.c:48:1: error: expected ';' before '}' token
 }
 ^
../src/taster.c:48:1: warning: control reaches end of non-void function [-Wreturn-type]
 }
 ^
make: *** [src/taster.o] Fehler 1
11:16:23 **** Auto Build of configuration Debug for project test_taster ****
make all 
'Building file: ../src/taster.c'
'Invoking: ARM gcc compiler'
arm-xilinx-eabi-gcc -Wall -O0 -g3 -c -fmessage-length=0 -I../../system_bsp/ps7_cortexa9_0/include -MMD -MP -MF"src/taster.d" -MT"src/taster.d" -o "src/taster.o" "../src/taster.c"
../src/taster.c: In function 'main':
../src/taster.c:33:2: warning: large integer implicitly truncated to unsigned type [-Woverflow]
  status = XGpio_Initialize(btn_inst, BTN_DEVICE_ID);
  ^
../src/taster.c:29:9: warning: 'led_inst' is used uninitialized in this function [-Wuninitialized]
  status = XGpio_Initialize(led_inst, LED_DEVICE_ID);
         ^
../src/taster.c:33:9: warning: 'btn_inst' may be used uninitialized in this function [-Wmaybe-uninitialized]
  status = XGpio_Initialize(btn_inst, BTN_DEVICE_ID);
         ^
'Finished building: ../src/taster.c'
' '
'Building target: test_taster.elf'
'Invoking: ARM gcc linker'
arm-xilinx-eabi-gcc -Wl,-T -Wl,../src/lscript.ld -L../../system_bsp/ps7_cortexa9_0/lib -o "test_taster.elf"  ./src/taster.o   -Wl,--start-group,-lxil,-lgcc,-lc,--end-group -Wl,--start-group,-lxilisf,-lxil,-lgcc,-lc,--end-group
'Finished building target: test_taster.elf'
' '
'Invoking: ARM Print Size'
arm-xilinx-eabi-size test_taster.elf  |tee "test_taster.elf.size"
   text	   data	    bss	    dec	    hex	filename
  20992	   1144	  29796	  51932	   cadc	test_taster.elf
'Finished building: test_taster.elf.size'
' '
11:18:02 **** Auto Build of configuration Debug for project test_taster ****
make all 
make: Für das Ziel »all« ist nichts zu tun.
11:18:46 **** Auto Build of configuration Debug for project test_taster ****
make all 
'Building file: ../src/example.c'
'Invoking: ARM gcc compiler'
arm-xilinx-eabi-gcc -Wall -O0 -g3 -c -fmessage-length=0 -I../../system_bsp/ps7_cortexa9_0/include -MMD -MP -MF"src/example.d" -MT"src/example.d" -o "src/example.o" "../src/example.c"
'Finished building: ../src/example.c'
' '
'Building target: test_taster.elf'
'Invoking: ARM gcc linker'
arm-xilinx-eabi-gcc -Wl,-T -Wl,../src/lscript.ld -L../../system_bsp/ps7_cortexa9_0/lib -o "test_taster.elf"  ./src/example.o ./src/taster.o   -Wl,--start-group,-lxil,-lgcc,-lc,--end-group -Wl,--start-group,-lxilisf,-lxil,-lgcc,-lc,--end-group
'Finished building target: test_taster.elf'
' '
'Invoking: ARM Print Size'
arm-xilinx-eabi-size test_taster.elf  |tee "test_taster.elf.size"
   text	   data	    bss	    dec	    hex	filename
  20992	   1144	  29796	  51932	   cadc	test_taster.elf
'Finished building: test_taster.elf.size'
' '
11:18:50 **** Auto Build of configuration Debug for project test_taster ****
make all 
'Building file: ../src/example.c'
'Invoking: ARM gcc compiler'
arm-xilinx-eabi-gcc -Wall -O0 -g3 -c -fmessage-length=0 -I../../system_bsp/ps7_cortexa9_0/include -MMD -MP -MF"src/example.d" -MT"src/example.d" -o "src/example.o" "../src/example.c"
../src/example.c: In function 'main':
../src/example.c:142:25: error: 'XPAR_PUSH_BUTTONS_4BITS_DEVICE_ID' undeclared (first use in this function)
 #define GPIO_DEVICE_ID  XPAR_PUSH_BUTTONS_4BITS_DEVICE_ID
                         ^
../src/example.c:255:35: note: in expansion of macro 'GPIO_DEVICE_ID'
  Status = XGpio_Initialize(&Gpio, GPIO_DEVICE_ID);
                                   ^
../src/example.c:142:25: note: each undeclared identifier is reported only once for each function it appears in
 #define GPIO_DEVICE_ID  XPAR_PUSH_BUTTONS_4BITS_DEVICE_ID
                         ^
../src/example.c:255:35: note: in expansion of macro 'GPIO_DEVICE_ID'
  Status = XGpio_Initialize(&Gpio, GPIO_DEVICE_ID);
                                   ^
../src/example.c: In function 'SetupInterruptSystem':
../src/example.c:143:32: error: 'XPAR_INTC_0_GPIO_2_VEC_ID' undeclared (first use in this function)
 #define INTC_GPIO_INTERRUPT_ID XPAR_INTC_0_GPIO_2_VEC_ID
                                ^
../src/example.c:547:50: note: in expansion of macro 'INTC_GPIO_INTERRUPT_ID'
  XScuGic_SetPriorityTriggerType(IntcInstancePtr, INTC_GPIO_INTERRUPT_ID,
                                                  ^
make: *** [src/example.o] Fehler 1
11:20:12 **** Auto Build of configuration Debug for project test_taster ****
make all 
'Building file: ../src/example.c'
'Invoking: ARM gcc compiler'
arm-xilinx-eabi-gcc -Wall -O0 -g3 -c -fmessage-length=0 -I../../system_bsp/ps7_cortexa9_0/include -MMD -MP -MF"src/example.d" -MT"src/example.d" -o "src/example.o" "../src/example.c"
../src/example.c: In function 'main':
../src/example.c:142:25: error: 'XPAR_PUSH_BUTTONS_4BITS_DEVICE_ID' undeclared (first use in this function)
 #define GPIO_DEVICE_ID  XPAR_PUSH_BUTTONS_4BITS_DEVICE_ID
                         ^
../src/example.c:255:35: note: in expansion of macro 'GPIO_DEVICE_ID'
  Status = XGpio_Initialize(&Gpio, GPIO_DEVICE_ID);
                                   ^
../src/example.c:142:25: note: each undeclared identifier is reported only once for each function it appears in
 #define GPIO_DEVICE_ID  XPAR_PUSH_BUTTONS_4BITS_DEVICE_ID
                         ^
../src/example.c:255:35: note: in expansion of macro 'GPIO_DEVICE_ID'
  Status = XGpio_Initialize(&Gpio, GPIO_DEVICE_ID);
                                   ^
../src/example.c: In function 'SetupInterruptSystem':
../src/example.c:143:32: error: 'XPAR_INTC_0_GPIO_2_VEC_ID' undeclared (first use in this function)
 #define INTC_GPIO_INTERRUPT_ID XPAR_INTC_0_GPIO_2_VEC_ID
                                ^
../src/example.c:547:50: note: in expansion of macro 'INTC_GPIO_INTERRUPT_ID'
  XScuGic_SetPriorityTriggerType(IntcInstancePtr, INTC_GPIO_INTERRUPT_ID,
                                                  ^
make: *** [src/example.o] Fehler 1
11:20:37 **** Auto Build of configuration Debug for project test_taster ****
make all 
'Building file: ../src/example.c'
'Invoking: ARM gcc compiler'
arm-xilinx-eabi-gcc -Wall -O0 -g3 -c -fmessage-length=0 -I../../system_bsp/ps7_cortexa9_0/include -MMD -MP -MF"src/example.d" -MT"src/example.d" -o "src/example.o" "../src/example.c"
../src/example.c: In function 'main':
../src/example.c:142:25: error: 'XPAR_PUSH_BUTTONS_4BITS_DEVICE_ID' undeclared (first use in this function)
 #define GPIO_DEVICE_ID  XPAR_PUSH_BUTTONS_4BITS_DEVICE_ID
                         ^
../src/example.c:255:35: note: in expansion of macro 'GPIO_DEVICE_ID'
  Status = XGpio_Initialize(&Gpio, GPIO_DEVICE_ID);
                                   ^
../src/example.c:142:25: note: each undeclared identifier is reported only once for each function it appears in
 #define GPIO_DEVICE_ID  XPAR_PUSH_BUTTONS_4BITS_DEVICE_ID
                         ^
../src/example.c:255:35: note: in expansion of macro 'GPIO_DEVICE_ID'
  Status = XGpio_Initialize(&Gpio, GPIO_DEVICE_ID);
                                   ^
../src/example.c: In function 'SetupInterruptSystem':
../src/example.c:143:32: error: 'XPAR_INTC_0_GPIO_2_VEC_ID' undeclared (first use in this function)
 #define INTC_GPIO_INTERRUPT_ID XPAR_INTC_0_GPIO_2_VEC_ID
                                ^
../src/example.c:547:50: note: in expansion of macro 'INTC_GPIO_INTERRUPT_ID'
  XScuGic_SetPriorityTriggerType(IntcInstancePtr, INTC_GPIO_INTERRUPT_ID,
                                                  ^
make: *** [src/example.o] Fehler 1
11:23:07 **** Auto Build of configuration Debug for project test_taster ****
make all 
'Building file: ../src/example.c'
'Invoking: ARM gcc compiler'
arm-xilinx-eabi-gcc -Wall -O0 -g3 -c -fmessage-length=0 -I../../system_bsp/ps7_cortexa9_0/include -MMD -MP -MF"src/example.d" -MT"src/example.d" -o "src/example.o" "../src/example.c"
../src/example.c: In function 'main':
../src/example.c:142:25: error: 'XPAR_PUSH_BUTTONS_4BITS_DEVICE_ID' undeclared (first use in this function)
 #define GPIO_DEVICE_ID  XPAR_PUSH_BUTTONS_4BITS_DEVICE_ID
                         ^
../src/example.c:255:35: note: in expansion of macro 'GPIO_DEVICE_ID'
  Status = XGpio_Initialize(&Gpio, GPIO_DEVICE_ID);
                                   ^
../src/example.c:142:25: note: each undeclared identifier is reported only once for each function it appears in
 #define GPIO_DEVICE_ID  XPAR_PUSH_BUTTONS_4BITS_DEVICE_ID
                         ^
../src/example.c:255:35: note: in expansion of macro 'GPIO_DEVICE_ID'
  Status = XGpio_Initialize(&Gpio, GPIO_DEVICE_ID);
                                   ^
../src/example.c: In function 'SetupInterruptSystem':
../src/example.c:143:32: error: 'XPAR_INTC_0_GPIO_2_VEC_ID' undeclared (first use in this function)
 #define INTC_GPIO_INTERRUPT_ID XPAR_INTC_0_GPIO_2_VEC_ID
                                ^
../src/example.c:547:50: note: in expansion of macro 'INTC_GPIO_INTERRUPT_ID'
  XScuGic_SetPriorityTriggerType(IntcInstancePtr, INTC_GPIO_INTERRUPT_ID,
                                                  ^
make: *** [src/example.o] Fehler 1
11:24:13 **** Auto Build of configuration Debug for project test_taster ****
make all 
'Building file: ../src/example.c'
'Invoking: ARM gcc compiler'
arm-xilinx-eabi-gcc -Wall -O0 -g3 -c -fmessage-length=0 -I../../system_bsp/ps7_cortexa9_0/include -MMD -MP -MF"src/example.d" -MT"src/example.d" -o "src/example.o" "../src/example.c"
../src/example.c: In function 'main':
../src/example.c:142:25: error: 'XPAR_PUSH_BUTTONS_4BITS_DEVICE_ID' undeclared (first use in this function)
 #define GPIO_DEVICE_ID  XPAR_PUSH_BUTTONS_4BITS_DEVICE_ID
                         ^
../src/example.c:255:35: note: in expansion of macro 'GPIO_DEVICE_ID'
  Status = XGpio_Initialize(&Gpio, GPIO_DEVICE_ID);
                                   ^
../src/example.c:142:25: note: each undeclared identifier is reported only once for each function it appears in
 #define GPIO_DEVICE_ID  XPAR_PUSH_BUTTONS_4BITS_DEVICE_ID
                         ^
../src/example.c:255:35: note: in expansion of macro 'GPIO_DEVICE_ID'
  Status = XGpio_Initialize(&Gpio, GPIO_DEVICE_ID);
                                   ^
../src/example.c: In function 'SetupInterruptSystem':
../src/example.c:143:32: error: 'XPAR_INTC_0_GPIO_2_VEC_ID' undeclared (first use in this function)
 #define INTC_GPIO_INTERRUPT_ID XPAR_INTC_0_GPIO_2_VEC_ID
                                ^
../src/example.c:547:50: note: in expansion of macro 'INTC_GPIO_INTERRUPT_ID'
  XScuGic_SetPriorityTriggerType(IntcInstancePtr, INTC_GPIO_INTERRUPT_ID,
                                                  ^
make: *** [src/example.o] Fehler 1
11:25:10 **** Auto Build of configuration Debug for project test_taster ****
make all 
'Building file: ../src/example.c'
'Invoking: ARM gcc compiler'
arm-xilinx-eabi-gcc -Wall -O0 -g3 -c -fmessage-length=0 -I../../system_bsp/ps7_cortexa9_0/include -MMD -MP -MF"src/example.d" -MT"src/example.d" -o "src/example.o" "../src/example.c"
../src/example.c: In function 'main':
../src/example.c:142:25: error: 'XPAR_PUSH_BUTTONS_4BITS_DEVICE_ID' undeclared (first use in this function)
 #define GPIO_DEVICE_ID  XPAR_PUSH_BUTTONS_4BITS_DEVICE_ID
                         ^
../src/example.c:255:35: note: in expansion of macro 'GPIO_DEVICE_ID'
  Status = XGpio_Initialize(&Gpio, GPIO_DEVICE_ID);
                                   ^
../src/example.c:142:25: note: each undeclared identifier is reported only once for each function it appears in
 #define GPIO_DEVICE_ID  XPAR_PUSH_BUTTONS_4BITS_DEVICE_ID
                         ^
../src/example.c:255:35: note: in expansion of macro 'GPIO_DEVICE_ID'
  Status = XGpio_Initialize(&Gpio, GPIO_DEVICE_ID);
                                   ^
../src/example.c: In function 'SetupInterruptSystem':
../src/example.c:143:32: error: 'XPAR_INTC_0_GPIO_2_VEC_ID' undeclared (first use in this function)
 #define INTC_GPIO_INTERRUPT_ID XPAR_INTC_0_GPIO_2_VEC_ID
                                ^
../src/example.c:547:50: note: in expansion of macro 'INTC_GPIO_INTERRUPT_ID'
  XScuGic_SetPriorityTriggerType(IntcInstancePtr, INTC_GPIO_INTERRUPT_ID,
                                                  ^
make: *** [src/example.o] Fehler 1
11:25:23 **** Auto Build of configuration Debug for project test_taster ****
make all 
'Building file: ../src/example.c'
'Invoking: ARM gcc compiler'
arm-xilinx-eabi-gcc -Wall -O0 -g3 -c -fmessage-length=0 -I../../system_bsp/ps7_cortexa9_0/include -MMD -MP -MF"src/example.d" -MT"src/example.d" -o "src/example.o" "../src/example.c"
../src/example.c: In function 'main':
../src/example.c:142:25: error: 'XPAR_PUSH_BUTTONS_4BITS_DEVICE_ID' undeclared (first use in this function)
 #define GPIO_DEVICE_ID  XPAR_PUSH_BUTTONS_4BITS_DEVICE_ID
                         ^
../src/example.c:255:35: note: in expansion of macro 'GPIO_DEVICE_ID'
  Status = XGpio_Initialize(&Gpio, GPIO_DEVICE_ID);
                                   ^
../src/example.c:142:25: note: each undeclared identifier is reported only once for each function it appears in
 #define GPIO_DEVICE_ID  XPAR_PUSH_BUTTONS_4BITS_DEVICE_ID
                         ^
../src/example.c:255:35: note: in expansion of macro 'GPIO_DEVICE_ID'
  Status = XGpio_Initialize(&Gpio, GPIO_DEVICE_ID);
                                   ^
../src/example.c: In function 'SetupInterruptSystem':
../src/example.c:143:32: error: 'XPAR_INTC_0_GPIO_2_VEC_ID' undeclared (first use in this function)
 #define INTC_GPIO_INTERRUPT_ID XPAR_INTC_0_GPIO_2_VEC_ID
                                ^
../src/example.c:547:50: note: in expansion of macro 'INTC_GPIO_INTERRUPT_ID'
  XScuGic_SetPriorityTriggerType(IntcInstancePtr, INTC_GPIO_INTERRUPT_ID,
                                                  ^
make: *** [src/example.o] Fehler 1
11:25:58 **** Auto Build of configuration Debug for project test_taster ****
make all 
'Building file: ../src/example.c'
'Invoking: ARM gcc compiler'
arm-xilinx-eabi-gcc -Wall -O0 -g3 -c -fmessage-length=0 -I../../system_bsp/ps7_cortexa9_0/include -MMD -MP -MF"src/example.d" -MT"src/example.d" -o "src/example.o" "../src/example.c"
../src/example.c: In function 'main':
../src/example.c:142:25: error: 'XPAR_PUSH_BUTTONS_4BITS_DEVICE_ID' undeclared (first use in this function)
 #define GPIO_DEVICE_ID  XPAR_PUSH_BUTTONS_4BITS_DEVICE_ID
                         ^
../src/example.c:255:35: note: in expansion of macro 'GPIO_DEVICE_ID'
  Status = XGpio_Initialize(&Gpio, GPIO_DEVICE_ID);
                                   ^
../src/example.c:142:25: note: each undeclared identifier is reported only once for each function it appears in
 #define GPIO_DEVICE_ID  XPAR_PUSH_BUTTONS_4BITS_DEVICE_ID
                         ^
../src/example.c:255:35: note: in expansion of macro 'GPIO_DEVICE_ID'
  Status = XGpio_Initialize(&Gpio, GPIO_DEVICE_ID);
                                   ^
../src/example.c: In function 'SetupInterruptSystem':
../src/example.c:143:32: error: 'XPAR_INTC_0_GPIO_2_VEC_ID' undeclared (first use in this function)
 #define INTC_GPIO_INTERRUPT_ID XPAR_INTC_0_GPIO_2_VEC_ID
                                ^
../src/example.c:547:50: note: in expansion of macro 'INTC_GPIO_INTERRUPT_ID'
  XScuGic_SetPriorityTriggerType(IntcInstancePtr, INTC_GPIO_INTERRUPT_ID,
                                                  ^
make: *** [src/example.o] Fehler 1
11:27:20 **** Auto Build of configuration Debug for project test_taster ****
make all 
'Building file: ../src/example.c'
'Invoking: ARM gcc compiler'
arm-xilinx-eabi-gcc -Wall -O0 -g3 -c -fmessage-length=0 -I../../system_bsp/ps7_cortexa9_0/include -MMD -MP -MF"src/example.d" -MT"src/example.d" -o "src/example.o" "../src/example.c"
../src/example.c: In function 'main':
../src/example.c:142:25: error: 'XPAR_PUSH_BUTTONS_4BITS_DEVICE_ID' undeclared (first use in this function)
 #define GPIO_DEVICE_ID  XPAR_PUSH_BUTTONS_4BITS_DEVICE_ID
                         ^
../src/example.c:255:35: note: in expansion of macro 'GPIO_DEVICE_ID'
  Status = XGpio_Initialize(&Gpio, GPIO_DEVICE_ID);
                                   ^
../src/example.c:142:25: note: each undeclared identifier is reported only once for each function it appears in
 #define GPIO_DEVICE_ID  XPAR_PUSH_BUTTONS_4BITS_DEVICE_ID
                         ^
../src/example.c:255:35: note: in expansion of macro 'GPIO_DEVICE_ID'
  Status = XGpio_Initialize(&Gpio, GPIO_DEVICE_ID);
                                   ^
../src/example.c: In function 'SetupInterruptSystem':
../src/example.c:143:32: error: 'XPAR_INTC_0_GPIO_2_VEC_ID' undeclared (first use in this function)
 #define INTC_GPIO_INTERRUPT_ID XPAR_INTC_0_GPIO_2_VEC_ID
                                ^
../src/example.c:547:50: note: in expansion of macro 'INTC_GPIO_INTERRUPT_ID'
  XScuGic_SetPriorityTriggerType(IntcInstancePtr, INTC_GPIO_INTERRUPT_ID,
                                                  ^
make: *** [src/example.o] Fehler 1
11:27:30 **** Auto Build of configuration Debug for project test_taster ****
make all 
'Building file: ../src/example.c'
'Invoking: ARM gcc compiler'
arm-xilinx-eabi-gcc -Wall -O0 -g3 -c -fmessage-length=0 -I../../system_bsp/ps7_cortexa9_0/include -MMD -MP -MF"src/example.d" -MT"src/example.d" -o "src/example.o" "../src/example.c"
../src/example.c: In function 'main':
../src/example.c:142:25: error: 'XPAR_PUSH_BUTTONS_4BITS_DEVICE_ID' undeclared (first use in this function)
 #define GPIO_DEVICE_ID  XPAR_PUSH_BUTTONS_4BITS_DEVICE_ID
                         ^
../src/example.c:255:35: note: in expansion of macro 'GPIO_DEVICE_ID'
  Status = XGpio_Initialize(&Gpio, GPIO_DEVICE_ID);
                                   ^
../src/example.c:142:25: note: each undeclared identifier is reported only once for each function it appears in
 #define GPIO_DEVICE_ID  XPAR_PUSH_BUTTONS_4BITS_DEVICE_ID
                         ^
../src/example.c:255:35: note: in expansion of macro 'GPIO_DEVICE_ID'
  Status = XGpio_Initialize(&Gpio, GPIO_DEVICE_ID);
                                   ^
../src/example.c: In function 'SetupInterruptSystem':
../src/example.c:143:32: error: 'XPAR_INTC_0_GPIO_2_VEC_ID' undeclared (first use in this function)
 #define INTC_GPIO_INTERRUPT_ID XPAR_INTC_0_GPIO_2_VEC_ID
                                ^
../src/example.c:547:50: note: in expansion of macro 'INTC_GPIO_INTERRUPT_ID'
  XScuGic_SetPriorityTriggerType(IntcInstancePtr, INTC_GPIO_INTERRUPT_ID,
                                                  ^
make: *** [src/example.o] Fehler 1
11:28:49 **** Auto Build of configuration Debug for project test_taster ****
make all 
'Building file: ../src/example.c'
'Invoking: ARM gcc compiler'
arm-xilinx-eabi-gcc -Wall -O0 -g3 -c -fmessage-length=0 -I../../system_bsp/ps7_cortexa9_0/include -MMD -MP -MF"src/example.d" -MT"src/example.d" -o "src/example.o" "../src/example.c"
../src/example.c: In function 'main':
../src/example.c:142:25: error: 'XPAR_PUSH_BUTTONS_4BITS_DEVICE_ID' undeclared (first use in this function)
 #define GPIO_DEVICE_ID  XPAR_PUSH_BUTTONS_4BITS_DEVICE_ID
                         ^
../src/example.c:255:35: note: in expansion of macro 'GPIO_DEVICE_ID'
  Status = XGpio_Initialize(&Gpio, GPIO_DEVICE_ID);
                                   ^
../src/example.c:142:25: note: each undeclared identifier is reported only once for each function it appears in
 #define GPIO_DEVICE_ID  XPAR_PUSH_BUTTONS_4BITS_DEVICE_ID
                         ^
../src/example.c:255:35: note: in expansion of macro 'GPIO_DEVICE_ID'
  Status = XGpio_Initialize(&Gpio, GPIO_DEVICE_ID);
                                   ^
../src/example.c: In function 'SetupInterruptSystem':
../src/example.c:143:32: error: 'XPAR_INTC_0_GPIO_2_VEC_ID' undeclared (first use in this function)
 #define INTC_GPIO_INTERRUPT_ID XPAR_INTC_0_GPIO_2_VEC_ID
                                ^
../src/example.c:547:50: note: in expansion of macro 'INTC_GPIO_INTERRUPT_ID'
  XScuGic_SetPriorityTriggerType(IntcInstancePtr, INTC_GPIO_INTERRUPT_ID,
                                                  ^
make: *** [src/example.o] Fehler 1
11:29:08 **** Auto Build of configuration Debug for project test_taster ****
make all 
'Building file: ../src/example.c'
'Invoking: ARM gcc compiler'
arm-xilinx-eabi-gcc -Wall -O0 -g3 -c -fmessage-length=0 -I../../system_bsp/ps7_cortexa9_0/include -MMD -MP -MF"src/example.d" -MT"src/example.d" -o "src/example.o" "../src/example.c"
../src/example.c: In function 'main':
../src/example.c:142:25: error: 'XPAR_PUSH_BUTTONS_4BITS_DEVICE_ID' undeclared (first use in this function)
 #define GPIO_DEVICE_ID  XPAR_PUSH_BUTTONS_4BITS_DEVICE_ID
                         ^
../src/example.c:255:35: note: in expansion of macro 'GPIO_DEVICE_ID'
  Status = XGpio_Initialize(&Gpio, GPIO_DEVICE_ID);
                                   ^
../src/example.c:142:25: note: each undeclared identifier is reported only once for each function it appears in
 #define GPIO_DEVICE_ID  XPAR_PUSH_BUTTONS_4BITS_DEVICE_ID
                         ^
../src/example.c:255:35: note: in expansion of macro 'GPIO_DEVICE_ID'
  Status = XGpio_Initialize(&Gpio, GPIO_DEVICE_ID);
                                   ^
../src/example.c: In function 'SetupInterruptSystem':
../src/example.c:143:32: error: 'XPAR_INTC_0_GPIO_2_VEC_ID' undeclared (first use in this function)
 #define INTC_GPIO_INTERRUPT_ID XPAR_INTC_0_GPIO_2_VEC_ID
                                ^
../src/example.c:547:50: note: in expansion of macro 'INTC_GPIO_INTERRUPT_ID'
  XScuGic_SetPriorityTriggerType(IntcInstancePtr, INTC_GPIO_INTERRUPT_ID,
                                                  ^
make: *** [src/example.o] Fehler 1
11:29:36 **** Auto Build of configuration Debug for project test_taster ****
make all 
'Building file: ../src/example.c'
'Invoking: ARM gcc compiler'
arm-xilinx-eabi-gcc -Wall -O0 -g3 -c -fmessage-length=0 -I../../system_bsp/ps7_cortexa9_0/include -MMD -MP -MF"src/example.d" -MT"src/example.d" -o "src/example.o" "../src/example.c"
../src/example.c: In function 'main':
../src/example.c:142:25: error: 'XPAR_PUSH_BUTTONS_4BITS_DEVICE_ID' undeclared (first use in this function)
 #define GPIO_DEVICE_ID  XPAR_PUSH_BUTTONS_4BITS_DEVICE_ID
                         ^
../src/example.c:255:35: note: in expansion of macro 'GPIO_DEVICE_ID'
  Status = XGpio_Initialize(&Gpio, GPIO_DEVICE_ID);
                                   ^
../src/example.c:142:25: note: each undeclared identifier is reported only once for each function it appears in
 #define GPIO_DEVICE_ID  XPAR_PUSH_BUTTONS_4BITS_DEVICE_ID
                         ^
../src/example.c:255:35: note: in expansion of macro 'GPIO_DEVICE_ID'
  Status = XGpio_Initialize(&Gpio, GPIO_DEVICE_ID);
                                   ^
../src/example.c: In function 'SetupInterruptSystem':
../src/example.c:143:32: error: 'XPAR_INTC_0_GPIO_2_VEC_ID' undeclared (first use in this function)
 #define INTC_GPIO_INTERRUPT_ID XPAR_INTC_0_GPIO_2_VEC_ID
                                ^
../src/example.c:547:50: note: in expansion of macro 'INTC_GPIO_INTERRUPT_ID'
  XScuGic_SetPriorityTriggerType(IntcInstancePtr, INTC_GPIO_INTERRUPT_ID,
                                                  ^
make: *** [src/example.o] Fehler 1
11:30:43 **** Auto Build of configuration Debug for project test_taster ****
make all 
'Building file: ../src/example.c'
'Invoking: ARM gcc compiler'
arm-xilinx-eabi-gcc -Wall -O0 -g3 -c -fmessage-length=0 -I../../system_bsp/ps7_cortexa9_0/include -MMD -MP -MF"src/example.d" -MT"src/example.d" -o "src/example.o" "../src/example.c"
../src/example.c: In function 'main':
../src/example.c:142:25: error: 'XPAR_PUSH_BUTTONS_4BITS_DEVICE_ID' undeclared (first use in this function)
 #define GPIO_DEVICE_ID  XPAR_PUSH_BUTTONS_4BITS_DEVICE_ID
                         ^
../src/example.c:255:35: note: in expansion of macro 'GPIO_DEVICE_ID'
  Status = XGpio_Initialize(&Gpio, GPIO_DEVICE_ID);
                                   ^
../src/example.c:142:25: note: each undeclared identifier is reported only once for each function it appears in
 #define GPIO_DEVICE_ID  XPAR_PUSH_BUTTONS_4BITS_DEVICE_ID
                         ^
../src/example.c:255:35: note: in expansion of macro 'GPIO_DEVICE_ID'
  Status = XGpio_Initialize(&Gpio, GPIO_DEVICE_ID);
                                   ^
../src/example.c: In function 'SetupInterruptSystem':
../src/example.c:143:32: error: 'XPAR_INTC_0_GPIO_2_VEC_ID' undeclared (first use in this function)
 #define INTC_GPIO_INTERRUPT_ID XPAR_INTC_0_GPIO_2_VEC_ID
                                ^
../src/example.c:547:50: note: in expansion of macro 'INTC_GPIO_INTERRUPT_ID'
  XScuGic_SetPriorityTriggerType(IntcInstancePtr, INTC_GPIO_INTERRUPT_ID,
                                                  ^
make: *** [src/example.o] Fehler 1
11:31:02 **** Auto Build of configuration Debug for project test_taster ****
make all 
'Building file: ../src/example.c'
'Invoking: ARM gcc compiler'
arm-xilinx-eabi-gcc -Wall -O0 -g3 -c -fmessage-length=0 -I../../system_bsp/ps7_cortexa9_0/include -MMD -MP -MF"src/example.d" -MT"src/example.d" -o "src/example.o" "../src/example.c"
../src/example.c: In function 'main':
../src/example.c:142:25: error: 'XPAR_PUSH_BUTTONS_4BITS_DEVICE_ID' undeclared (first use in this function)
 #define GPIO_DEVICE_ID  XPAR_PUSH_BUTTONS_4BITS_DEVICE_ID
                         ^
../src/example.c:255:35: note: in expansion of macro 'GPIO_DEVICE_ID'
  Status = XGpio_Initialize(&Gpio, GPIO_DEVICE_ID);
                                   ^
../src/example.c:142:25: note: each undeclared identifier is reported only once for each function it appears in
 #define GPIO_DEVICE_ID  XPAR_PUSH_BUTTONS_4BITS_DEVICE_ID
                         ^
../src/example.c:255:35: note: in expansion of macro 'GPIO_DEVICE_ID'
  Status = XGpio_Initialize(&Gpio, GPIO_DEVICE_ID);
                                   ^
../src/example.c: In function 'SetupInterruptSystem':
../src/example.c:143:32: error: 'XPAR_INTC_0_GPIO_2_VEC_ID' undeclared (first use in this function)
 #define INTC_GPIO_INTERRUPT_ID XPAR_INTC_0_GPIO_2_VEC_ID
                                ^
../src/example.c:547:50: note: in expansion of macro 'INTC_GPIO_INTERRUPT_ID'
  XScuGic_SetPriorityTriggerType(IntcInstancePtr, INTC_GPIO_INTERRUPT_ID,
                                                  ^
make: *** [src/example.o] Fehler 1
11:32:00 **** Auto Build of configuration Debug for project test_taster ****
make all 
'Building file: ../src/example.c'
'Invoking: ARM gcc compiler'
arm-xilinx-eabi-gcc -Wall -O0 -g3 -c -fmessage-length=0 -I../../system_bsp/ps7_cortexa9_0/include -MMD -MP -MF"src/example.d" -MT"src/example.d" -o "src/example.o" "../src/example.c"
../src/example.c: In function 'main':
../src/example.c:142:25: error: 'XPAR_PUSH_BUTTONS_4BITS_DEVICE_ID' undeclared (first use in this function)
 #define GPIO_DEVICE_ID  XPAR_PUSH_BUTTONS_4BITS_DEVICE_ID
                         ^
../src/example.c:255:35: note: in expansion of macro 'GPIO_DEVICE_ID'
  Status = XGpio_Initialize(&Gpio, GPIO_DEVICE_ID);
                                   ^
../src/example.c:142:25: note: each undeclared identifier is reported only once for each function it appears in
 #define GPIO_DEVICE_ID  XPAR_PUSH_BUTTONS_4BITS_DEVICE_ID
                         ^
../src/example.c:255:35: note: in expansion of macro 'GPIO_DEVICE_ID'
  Status = XGpio_Initialize(&Gpio, GPIO_DEVICE_ID);
                                   ^
[...]
../src/spi.c:32:11: warning: 'spi_status' defined but not used [-Wunused-variable]
 static u8 spi_status;
           ^
'Finished building: ../src/spi.c'
' '
'Building target: test_spi.elf'
'Invoking: ARM gcc linker'
arm-xilinx-eabi-gcc -Wl,-T -Wl,../src/lscript.ld -L../../system_bsp/ps7_cortexa9_0/lib -o "test_spi.elf"  ./src/spi.o   -Wl,--start-group,-lxil,-lgcc,-lc,--end-group -Wl,--start-group,-lxilisf,-lxil,-lgcc,-lc,--end-group
'Finished building target: test_spi.elf'
' '
'Invoking: ARM Print Size'
arm-xilinx-eabi-size test_spi.elf  |tee "test_spi.elf.size"
   text	   data	    bss	    dec	    hex	filename
  36704	   2976	  29876	  69556	  10fb4	test_spi.elf
'Finished building: test_spi.elf.size'
' '
01:00:34 **** Auto Build of configuration Debug for project test_spi ****
make all 
'Building file: ../src/spi.c'
'Invoking: ARM gcc compiler'
arm-xilinx-eabi-gcc -Wall -O0 -g3 -c -fmessage-length=0 -I../../system_bsp/ps7_cortexa9_0/include -MMD -MP -MF"src/spi.d" -MT"src/spi.d" -o "src/spi.o" "../src/spi.c"
../src/spi.c:32:11: warning: 'spi_status' defined but not used [-Wunused-variable]
 static u8 spi_status;
           ^
'Finished building: ../src/spi.c'
' '
'Building target: test_spi.elf'
'Invoking: ARM gcc linker'
arm-xilinx-eabi-gcc -Wl,-T -Wl,../src/lscript.ld -L../../system_bsp/ps7_cortexa9_0/lib -o "test_spi.elf"  ./src/spi.o   -Wl,--start-group,-lxil,-lgcc,-lc,--end-group -Wl,--start-group,-lxilisf,-lxil,-lgcc,-lc,--end-group
'Finished building target: test_spi.elf'
' '
'Invoking: ARM Print Size'
arm-xilinx-eabi-size test_spi.elf  |tee "test_spi.elf.size"
   text	   data	    bss	    dec	    hex	filename
  36704	   2976	  29876	  69556	  10fb4	test_spi.elf
'Finished building: test_spi.elf.size'
' '
01:01:10 **** Auto Build of configuration Debug for project test_spi ****
make all 
'Building file: ../src/spi.c'
'Invoking: ARM gcc compiler'
arm-xilinx-eabi-gcc -Wall -O0 -g3 -c -fmessage-length=0 -I../../system_bsp/ps7_cortexa9_0/include -MMD -MP -MF"src/spi.d" -MT"src/spi.d" -o "src/spi.o" "../src/spi.c"
../src/spi.c: In function 'main':
../src/spi.c:87:2: error: expected ';' before '}' token
  }
  ^
../src/spi.c: At top level:
../src/spi.c:32:11: warning: 'spi_status' defined but not used [-Wunused-variable]
 static u8 spi_status;
           ^
make: *** [src/spi.o] Fehler 1
01:01:14 **** Auto Build of configuration Debug for project test_spi ****
make all 
'Building file: ../src/spi.c'
'Invoking: ARM gcc compiler'
arm-xilinx-eabi-gcc -Wall -O0 -g3 -c -fmessage-length=0 -I../../system_bsp/ps7_cortexa9_0/include -MMD -MP -MF"src/spi.d" -MT"src/spi.d" -o "src/spi.o" "../src/spi.c"
../src/spi.c:32:11: warning: 'spi_status' defined but not used [-Wunused-variable]
 static u8 spi_status;
           ^
'Finished building: ../src/spi.c'
' '
'Building target: test_spi.elf'
'Invoking: ARM gcc linker'
arm-xilinx-eabi-gcc -Wl,-T -Wl,../src/lscript.ld -L../../system_bsp/ps7_cortexa9_0/lib -o "test_spi.elf"  ./src/spi.o   -Wl,--start-group,-lxil,-lgcc,-lc,--end-group -Wl,--start-group,-lxilisf,-lxil,-lgcc,-lc,--end-group
'Finished building target: test_spi.elf'
' '
'Invoking: ARM Print Size'
arm-xilinx-eabi-size test_spi.elf  |tee "test_spi.elf.size"
   text	   data	    bss	    dec	    hex	filename
  36704	   2976	  29876	  69556	  10fb4	test_spi.elf
'Finished building: test_spi.elf.size'
' '
01:01:22 **** Auto Build of configuration Debug for project test_spi ****
make all 
'Building file: ../src/spi.c'
'Invoking: ARM gcc compiler'
arm-xilinx-eabi-gcc -Wall -O0 -g3 -c -fmessage-length=0 -I../../system_bsp/ps7_cortexa9_0/include -MMD -MP -MF"src/spi.d" -MT"src/spi.d" -o "src/spi.o" "../src/spi.c"
../src/spi.c:32:11: warning: 'spi_status' defined but not used [-Wunused-variable]
 static u8 spi_status;
           ^
'Finished building: ../src/spi.c'
' '
'Building target: test_spi.elf'
'Invoking: ARM gcc linker'
arm-xilinx-eabi-gcc -Wl,-T -Wl,../src/lscript.ld -L../../system_bsp/ps7_cortexa9_0/lib -o "test_spi.elf"  ./src/spi.o   -Wl,--start-group,-lxil,-lgcc,-lc,--end-group -Wl,--start-group,-lxilisf,-lxil,-lgcc,-lc,--end-group
'Finished building target: test_spi.elf'
' '
'Invoking: ARM Print Size'
arm-xilinx-eabi-size test_spi.elf  |tee "test_spi.elf.size"
   text	   data	    bss	    dec	    hex	filename
  36704	   2976	  29876	  69556	  10fb4	test_spi.elf
'Finished building: test_spi.elf.size'
' '
01:01:56 **** Auto Build of configuration Debug for project test_spi ****
make all 
'Building file: ../src/spi.c'
'Invoking: ARM gcc compiler'
arm-xilinx-eabi-gcc -Wall -O0 -g3 -c -fmessage-length=0 -I../../system_bsp/ps7_cortexa9_0/include -MMD -MP -MF"src/spi.d" -MT"src/spi.d" -o "src/spi.o" "../src/spi.c"
../src/spi.c: In function 'main':
../src/spi.c:87:3: error: 'for' loop initial declarations are only allowed in C99 mode
   for(volatile int i = 0; i < 0xff, i++);
   ^
../src/spi.c:87:3: note: use option -std=c99 or -std=gnu99 to compile your code
../src/spi.c:87:29: warning: value computed is not used [-Wunused-value]
   for(volatile int i = 0; i < 0xff, i++);
                             ^
../src/spi.c:87:40: error: expected ';' before ')' token
   for(volatile int i = 0; i < 0xff, i++);
                                        ^
../src/spi.c: At top level:
../src/spi.c:32:11: warning: 'spi_status' defined but not used [-Wunused-variable]
 static u8 spi_status;
           ^
make: *** [src/spi.o] Fehler 1
01:02:18 **** Auto Build of configuration Debug for project test_spi ****
make all 
'Building file: ../src/spi.c'
'Invoking: ARM gcc compiler'
arm-xilinx-eabi-gcc -Wall -O0 -g3 -c -fmessage-length=0 -I../../system_bsp/ps7_cortexa9_0/include -MMD -MP -MF"src/spi.d" -MT"src/spi.d" -o "src/spi.o" "../src/spi.c"
../src/spi.c: In function 'main':
../src/spi.c:87:3: error: 'for' loop initial declarations are only allowed in C99 mode
   for(volatile int i = 0; i < 0xff, i++) {
   ^
../src/spi.c:87:3: note: use option -std=c99 or -std=gnu99 to compile your code
../src/spi.c:87:29: warning: value computed is not used [-Wunused-value]
   for(volatile int i = 0; i < 0xff, i++) {
                             ^
../src/spi.c:87:40: error: expected ';' before ')' token
   for(volatile int i = 0; i < 0xff, i++) {
                                        ^
../src/spi.c: At top level:
../src/spi.c:32:11: warning: 'spi_status' defined but not used [-Wunused-variable]
 static u8 spi_status;
           ^
make: *** [src/spi.o] Fehler 1
01:02:28 **** Auto Build of configuration Debug for project test_spi ****
make all 
'Building file: ../src/spi.c'
'Invoking: ARM gcc compiler'
arm-xilinx-eabi-gcc -Wall -O0 -g3 -c -fmessage-length=0 -I../../system_bsp/ps7_cortexa9_0/include -MMD -MP -MF"src/spi.d" -MT"src/spi.d" -o "src/spi.o" "../src/spi.c"
../src/spi.c: In function 'main':
../src/spi.c:87:3: error: 'for' loop initial declarations are only allowed in C99 mode
   for(volatile int i = 0; i < 0xff; i++) {
   ^
../src/spi.c:87:3: note: use option -std=c99 or -std=gnu99 to compile your code
../src/spi.c: At top level:
../src/spi.c:32:11: warning: 'spi_status' defined but not used [-Wunused-variable]
 static u8 spi_status;
           ^
make: *** [src/spi.o] Fehler 1
01:02:50 **** Clean-only build of configuration Debug for project test_spi ****
make clean 
rm -rf  ./src/spi.o  ./src/spi.d  test_spi.elf.size  test_spi.elf
' '
01:02:50 **** Auto Build of configuration Debug for project test_spi ****
make all 
'Building file: ../src/spi.c'
'Invoking: ARM gcc compiler'
arm-xilinx-eabi-gcc -Wall -O0 -g3 -c -fmessage-length=0 -std=c99 -I../../system_bsp/ps7_cortexa9_0/include -MMD -MP -MF"src/spi.d" -MT"src/spi.d" -o "src/spi.o" "../src/spi.c"
../src/spi.c:32:11: warning: 'spi_status' defined but not used [-Wunused-variable]
 static u8 spi_status;
           ^
'Finished building: ../src/spi.c'
' '
'Building target: test_spi.elf'
'Invoking: ARM gcc linker'
arm-xilinx-eabi-gcc -Wl,-T -Wl,../src/lscript.ld -L../../system_bsp/ps7_cortexa9_0/lib -o "test_spi.elf"  ./src/spi.o   -Wl,--start-group,-lxil,-lgcc,-lc,--end-group -Wl,--start-group,-lxilisf,-lxil,-lgcc,-lc,--end-group
'Finished building target: test_spi.elf'
' '
'Invoking: ARM Print Size'
arm-xilinx-eabi-size test_spi.elf  |tee "test_spi.elf.size"
   text	   data	    bss	    dec	    hex	filename
  36768	   2976	  29876	  69620	  10ff4	test_spi.elf
'Finished building: test_spi.elf.size'
' '
01:02:52 **** Clean-only build of configuration Debug for project test_spi ****
make clean 
rm -rf  ./src/spi.o  ./src/spi.d  test_spi.elf.size  test_spi.elf
' '
01:02:53 **** Auto Build of configuration Debug for project test_spi ****
make all 
'Building file: ../src/spi.c'
'Invoking: ARM gcc compiler'
arm-xilinx-eabi-gcc -Wall -O0 -g3 -c -fmessage-length=0 -std=c99 -I../../system_bsp/ps7_cortexa9_0/include -MMD -MP -MF"src/spi.d" -MT"src/spi.d" -o "src/spi.o" "../src/spi.c"
../src/spi.c:32:11: warning: 'spi_status' defined but not used [-Wunused-variable]
 static u8 spi_status;
           ^
'Finished building: ../src/spi.c'
' '
'Building target: test_spi.elf'
'Invoking: ARM gcc linker'
arm-xilinx-eabi-gcc -Wl,-T -Wl,../src/lscript.ld -L../../system_bsp/ps7_cortexa9_0/lib -o "test_spi.elf"  ./src/spi.o   -Wl,--start-group,-lxil,-lgcc,-lc,--end-group -Wl,--start-group,-lxilisf,-lxil,-lgcc,-lc,--end-group
'Finished building target: test_spi.elf'
' '
'Invoking: ARM Print Size'
arm-xilinx-eabi-size test_spi.elf  |tee "test_spi.elf.size"
   text	   data	    bss	    dec	    hex	filename
  36768	   2976	  29876	  69620	  10ff4	test_spi.elf
'Finished building: test_spi.elf.size'
' '
01:03:08 **** Auto Build of configuration Debug for project test_spi ****
make all 
'Building file: ../src/spi.c'
'Invoking: ARM gcc compiler'
arm-xilinx-eabi-gcc -Wall -O0 -g3 -c -fmessage-length=0 -std=c99 -I../../system_bsp/ps7_cortexa9_0/include -MMD -MP -MF"src/spi.d" -MT"src/spi.d" -o "src/spi.o" "../src/spi.c"
../src/spi.c:32:11: warning: 'spi_status' defined but not used [-Wunused-variable]
 static u8 spi_status;
           ^
'Finished building: ../src/spi.c'
' '
'Building target: test_spi.elf'
'Invoking: ARM gcc linker'
arm-xilinx-eabi-gcc -Wl,-T -Wl,../src/lscript.ld -L../../system_bsp/ps7_cortexa9_0/lib -o "test_spi.elf"  ./src/spi.o   -Wl,--start-group,-lxil,-lgcc,-lc,--end-group -Wl,--start-group,-lxilisf,-lxil,-lgcc,-lc,--end-group
'Finished building target: test_spi.elf'
' '
'Invoking: ARM Print Size'
arm-xilinx-eabi-size test_spi.elf  |tee "test_spi.elf.size"
   text	   data	    bss	    dec	    hex	filename
  36768	   2976	  29876	  69620	  10ff4	test_spi.elf
'Finished building: test_spi.elf.size'
' '
01:07:09 **** Auto Build of configuration Debug for project test_spi ****
make all 
'Building file: ../src/spi.c'
'Invoking: ARM gcc compiler'
arm-xilinx-eabi-gcc -Wall -O0 -g3 -c -fmessage-length=0 -std=c99 -I../../system_bsp/ps7_cortexa9_0/include -MMD -MP -MF"src/spi.d" -MT"src/spi.d" -o "src/spi.o" "../src/spi.c"
../src/spi.c:32:11: warning: 'spi_status' defined but not used [-Wunused-variable]
 static u8 spi_status;
           ^
'Finished building: ../src/spi.c'
' '
'Building target: test_spi.elf'
'Invoking: ARM gcc linker'
arm-xilinx-eabi-gcc -Wl,-T -Wl,../src/lscript.ld -L../../system_bsp/ps7_cortexa9_0/lib -o "test_spi.elf"  ./src/spi.o   -Wl,--start-group,-lxil,-lgcc,-lc,--end-group -Wl,--start-group,-lxilisf,-lxil,-lgcc,-lc,--end-group
'Finished building target: test_spi.elf'
' '
'Invoking: ARM Print Size'
arm-xilinx-eabi-size test_spi.elf  |tee "test_spi.elf.size"
   text	   data	    bss	    dec	    hex	filename
  36768	   2976	  29876	  69620	  10ff4	test_spi.elf
'Finished building: test_spi.elf.size'
' '
01:07:16 **** Auto Build of configuration Debug for project test_spi ****
make all 
'Building file: ../src/spi.c'
'Invoking: ARM gcc compiler'
arm-xilinx-eabi-gcc -Wall -O0 -g3 -c -fmessage-length=0 -std=c99 -I../../system_bsp/ps7_cortexa9_0/include -MMD -MP -MF"src/spi.d" -MT"src/spi.d" -o "src/spi.o" "../src/spi.c"
../src/spi.c:32:11: warning: 'spi_status' defined but not used [-Wunused-variable]
 static u8 spi_status;
           ^
'Finished building: ../src/spi.c'
' '
'Building target: test_spi.elf'
'Invoking: ARM gcc linker'
arm-xilinx-eabi-gcc -Wl,-T -Wl,../src/lscript.ld -L../../system_bsp/ps7_cortexa9_0/lib -o "test_spi.elf"  ./src/spi.o   -Wl,--start-group,-lxil,-lgcc,-lc,--end-group -Wl,--start-group,-lxilisf,-lxil,-lgcc,-lc,--end-group
'Finished building target: test_spi.elf'
' '
'Invoking: ARM Print Size'
arm-xilinx-eabi-size test_spi.elf  |tee "test_spi.elf.size"
   text	   data	    bss	    dec	    hex	filename
  36768	   2976	  29876	  69620	  10ff4	test_spi.elf
'Finished building: test_spi.elf.size'
' '
01:08:24 **** Auto Build of configuration Debug for project test_spi ****
make all 
'Building file: ../src/spi.c'
'Invoking: ARM gcc compiler'
arm-xilinx-eabi-gcc -Wall -O0 -g3 -c -fmessage-length=0 -std=c99 -I../../system_bsp/ps7_cortexa9_0/include -MMD -MP -MF"src/spi.d" -MT"src/spi.d" -o "src/spi.o" "../src/spi.c"
../src/spi.c: In function 'polledSPI':
../src/spi.c:208:34: error: 'sendbuffer' undeclared (first use in this function)
  XSpiPs_PolledTransfer(spi_inst, sendbuffer, recvbuffer, bytes);
                                  ^
../src/spi.c:208:34: note: each undeclared identifier is reported only once for each function it appears in
../src/spi.c: At top level:
../src/spi.c:32:11: warning: 'spi_status' defined but not used [-Wunused-variable]
 static u8 spi_status;
           ^
make: *** [src/spi.o] Fehler 1
01:08:53 **** Auto Build of configuration Debug for project test_spi ****
make all 
'Building file: ../src/spi.c'
'Invoking: ARM gcc compiler'
arm-xilinx-eabi-gcc -Wall -O0 -g3 -c -fmessage-length=0 -std=c99 -I../../system_bsp/ps7_cortexa9_0/include -MMD -MP -MF"src/spi.d" -MT"src/spi.d" -o "src/spi.o" "../src/spi.c"
../src/spi.c: In function 'polledSPI':
../src/spi.c:208:46: error: 'recvBuffer' undeclared (first use in this function)
  XSpiPs_PolledTransfer(spi_inst, sendBuffer, recvBuffer, bytes);
                                              ^
../src/spi.c:208:46: note: each undeclared identifier is reported only once for each function it appears in
../src/spi.c: At top level:
../src/spi.c:32:11: warning: 'spi_status' defined but not used [-Wunused-variable]
 static u8 spi_status;
           ^
make: *** [src/spi.o] Fehler 1
01:09:04 **** Auto Build of configuration Debug for project test_spi ****
make all 
'Building file: ../src/spi.c'
'Invoking: ARM gcc compiler'
arm-xilinx-eabi-gcc -Wall -O0 -g3 -c -fmessage-length=0 -std=c99 -I../../system_bsp/ps7_cortexa9_0/include -MMD -MP -MF"src/spi.d" -MT"src/spi.d" -o "src/spi.o" "../src/spi.c"
../src/spi.c:32:11: warning: 'spi_status' defined but not used [-Wunused-variable]
 static u8 spi_status;
           ^
'Finished building: ../src/spi.c'
' '
'Building target: test_spi.elf'
'Invoking: ARM gcc linker'
arm-xilinx-eabi-gcc -Wl,-T -Wl,../src/lscript.ld -L../../system_bsp/ps7_cortexa9_0/lib -o "test_spi.elf"  ./src/spi.o   -Wl,--start-group,-lxil,-lgcc,-lc,--end-group -Wl,--start-group,-lxilisf,-lxil,-lgcc,-lc,--end-group
'Finished building target: test_spi.elf'
' '
'Invoking: ARM Print Size'
arm-xilinx-eabi-size test_spi.elf  |tee "test_spi.elf.size"
   text	   data	    bss	    dec	    hex	filename
  36768	   2976	  29876	  69620	  10ff4	test_spi.elf
'Finished building: test_spi.elf.size'
' '
01:09:31 **** Auto Build of configuration Debug for project test_spi ****
make all 
'Building file: ../src/spi.c'
'Invoking: ARM gcc compiler'
arm-xilinx-eabi-gcc -Wall -O0 -g3 -c -fmessage-length=0 -std=c99 -I../../system_bsp/ps7_cortexa9_0/include -MMD -MP -MF"src/spi.d" -MT"src/spi.d" -o "src/spi.o" "../src/spi.c"
../src/spi.c:206:31: warning: 'spi_inst' is static but used in inline function 'polledSPI' which is not static [enabled by default]
  return XSpiPs_PolledTransfer(spi_inst, sendBuffer, recvBuffer, bytes);
                               ^
../src/spi.c:32:11: warning: 'spi_status' defined but not used [-Wunused-variable]
 static u8 spi_status;
           ^
'Finished building: ../src/spi.c'
' '
'Building target: test_spi.elf'
'Invoking: ARM gcc linker'
arm-xilinx-eabi-gcc -Wl,-T -Wl,../src/lscript.ld -L../../system_bsp/ps7_cortexa9_0/lib -o "test_spi.elf"  ./src/spi.o   -Wl,--start-group,-lxil,-lgcc,-lc,--end-group -Wl,--start-group,-lxilisf,-lxil,-lgcc,-lc,--end-group
./src/spi.o: In function `main':
C:\Users\phil\Documents\vivado\zybo_base_system\source\vivado\hw\zybo_bsd\zybo_bsd.sdk\test_spi\Debug/../src/spi.c:86: undefined reference to `polledSPI'
collect2.exe: error: ld returned 1 exit status
make: *** [test_spi.elf] Fehler 1
01:09:52 **** Auto Build of configuration Debug for project test_spi ****
make all 
'Building file: ../src/spi.c'
'Invoking: ARM gcc compiler'
arm-xilinx-eabi-gcc -Wall -O0 -g3 -c -fmessage-length=0 -std=c99 -I../../system_bsp/ps7_cortexa9_0/include -MMD -MP -MF"src/spi.d" -MT"src/spi.d" -o "src/spi.o" "../src/spi.c"
../src/spi.c:42:12: warning: inline function 'polledSPI' declared but never defined [enabled by default]
 inline int polledSPI(u8* sendBuffer, u8* recvbuffer, u8 bytes);
            ^
../src/spi.c:42:12: warning: inline function 'polledSPI' declared but never defined [enabled by default]
../src/spi.c:32:11: warning: 'spi_status' defined but not used [-Wunused-variable]
 static u8 spi_status;
           ^
'Finished building: ../src/spi.c'
' '
'Building target: test_spi.elf'
'Invoking: ARM gcc linker'
arm-xilinx-eabi-gcc -Wl,-T -Wl,../src/lscript.ld -L../../system_bsp/ps7_cortexa9_0/lib -o "test_spi.elf"  ./src/spi.o   -Wl,--start-group,-lxil,-lgcc,-lc,--end-group -Wl,--start-group,-lxilisf,-lxil,-lgcc,-lc,--end-group
./src/spi.o: In function `main':
C:\Users\phil\Documents\vivado\zybo_base_system\source\vivado\hw\zybo_bsd\zybo_bsd.sdk\test_spi\Debug/../src/spi.c:86: undefined reference to `polledSPI'
collect2.exe: error: ld returned 1 exit status
make: *** [test_spi.elf] Fehler 1
01:10:08 **** Auto Build of configuration Debug for project test_spi ****
make all 
'Building file: ../src/spi.c'
'Invoking: ARM gcc compiler'
arm-xilinx-eabi-gcc -Wall -O0 -g3 -c -fmessage-length=0 -std=c99 -I../../system_bsp/ps7_cortexa9_0/include -MMD -MP -MF"src/spi.d" -MT"src/spi.d" -o "src/spi.o" "../src/spi.c"
../src/spi.c:32:11: warning: 'spi_status' defined but not used [-Wunused-variable]
 static u8 spi_status;
           ^
'Finished building: ../src/spi.c'
' '
'Building target: test_spi.elf'
'Invoking: ARM gcc linker'
arm-xilinx-eabi-gcc -Wl,-T -Wl,../src/lscript.ld -L../../system_bsp/ps7_cortexa9_0/lib -o "test_spi.elf"  ./src/spi.o   -Wl,--start-group,-lxil,-lgcc,-lc,--end-group -Wl,--start-group,-lxilisf,-lxil,-lgcc,-lc,--end-group
'Finished building target: test_spi.elf'
' '
'Invoking: ARM Print Size'
arm-xilinx-eabi-size test_spi.elf  |tee "test_spi.elf.size"
   text	   data	    bss	    dec	    hex	filename
  36768	   2976	  29876	  69620	  10ff4	test_spi.elf
'Finished building: test_spi.elf.size'
' '
01:10:25 **** Auto Build of configuration Debug for project test_spi ****
make all 
'Building file: ../src/spi.c'
'Invoking: ARM gcc compiler'
arm-xilinx-eabi-gcc -Wall -O0 -g3 -c -fmessage-length=0 -std=c99 -I../../system_bsp/ps7_cortexa9_0/include -MMD -MP -MF"src/spi.d" -MT"src/spi.d" -o "src/spi.o" "../src/spi.c"
../src/spi.c:32:11: warning: 'spi_status' defined but not used [-Wunused-variable]
 static u8 spi_status;
           ^
'Finished building: ../src/spi.c'
' '
'Building target: test_spi.elf'
'Invoking: ARM gcc linker'
arm-xilinx-eabi-gcc -Wl,-T -Wl,../src/lscript.ld -L../../system_bsp/ps7_cortexa9_0/lib -o "test_spi.elf"  ./src/spi.o   -Wl,--start-group,-lxil,-lgcc,-lc,--end-group -Wl,--start-group,-lxilisf,-lxil,-lgcc,-lc,--end-group
'Finished building target: test_spi.elf'
' '
'Invoking: ARM Print Size'
arm-xilinx-eabi-size test_spi.elf  |tee "test_spi.elf.size"
   text	   data	    bss	    dec	    hex	filename
  36768	   2976	  29876	  69620	  10ff4	test_spi.elf
'Finished building: test_spi.elf.size'
' '
