01:10:25 **** Auto Build of configuration Debug for project test_spi ****
make all 
'Building file: ../src/spi.c'
'Invoking: ARM gcc compiler'
arm-xilinx-eabi-gcc -Wall -O0 -g3 -c -fmessage-length=0 -std=c99 -I../../system_bsp/ps7_cortexa9_0/include -MMD -MP -MF"src/spi.d" -MT"src/spi.d" -o "src/spi.o" "../src/spi.c"
../src/spi.c:32:11: warning: 'spi_status' defined but not used [-Wunused-variable]
 static u8 spi_status;
           ^
'Finished building: ../src/spi.c'
' '
'Building target: test_spi.elf'
'Invoking: ARM gcc linker'
arm-xilinx-eabi-gcc -Wl,-T -Wl,../src/lscript.ld -L../../system_bsp/ps7_cortexa9_0/lib -o "test_spi.elf"  ./src/spi.o   -Wl,--start-group,-lxil,-lgcc,-lc,--end-group -Wl,--start-group,-lxilisf,-lxil,-lgcc,-lc,--end-group
'Finished building target: test_spi.elf'
' '
'Invoking: ARM Print Size'
arm-xilinx-eabi-size test_spi.elf  |tee "test_spi.elf.size"
   text	   data	    bss	    dec	    hex	filename
  36768	   2976	  29876	  69620	  10ff4	test_spi.elf
'Finished building: test_spi.elf.size'
' '

01:10:26 Build Finished (took 826ms)

