#-----------------------------------------------------------
# Vivado v2014.2 (64-bit)
# SW Build 932637 on Wed Jun 11 13:33:10 MDT 2014
# IP Build 924643 on Fri May 30 09:20:16 MDT 2014
# Start of session at: Tue Sep 30 18:58:26 2014
# Process ID: 1864
# Log file: C:/Users/phil/git/zybo_base_linux/hw/zybo_base_linux/vivado.log
# Journal file: C:/Users/phil/git/zybo_base_linux/hw/zybo_base_linux\vivado.jou
#-----------------------------------------------------------
start_gui
open_project {C:\Users\phil\git\zybo_base_linux\hw\zybo_base_linux\zybo_base_linux.xpr}
open_hw
reset_run synth_1
launch_runs impl_1 -to_step write_bitstream
wait_on_run impl_1
open_bd_design {C:/Users/phil/Documents/vivado/zybo_base_system/source/vivado/hw/zybo_bsd/zybo_bsd.srcs/sources_1/bd/system/system.bd}
open_run impl_1
file mkdir C:/Users/phil/git/zybo_base_linux/hw/zybo_base_linux/zybo_base_linux.sdk
file copy -force C:/Users/phil/git/zybo_base_linux/hw/zybo_base_linux/zybo_base_linux.runs/impl_1/system_wrapper.sysdef C:/Users/phil/git/zybo_base_linux/sw/system_wrapper.hdf

launch_sdk -workspace C:/Users/phil/git/zybo_base_linux/sw -hwspec C:/Users/phil/git/zybo_base_linux/sw/system_wrapper.hdf
write_project_tcl -all_properties -dump_project_info {C:/Users/phil/git/zybo_base_linux/hw/zybo_base_linux_create.tcl}
