19:58:35 **** Auto Build of configuration Debug for project zybo_base_linux_hello ****
make all 
'Building file: ../src/helloworld.c'
'Invoking: ARM Linux gcc compiler'
arm-xilinx-linux-gnueabi-gcc -Wall -O0 -g3 -c -fmessage-length=0 -MMD -MP -MF"src/helloworld.d" -MT"src/helloworld.d" -o "src/helloworld.o" "../src/helloworld.c"
'Finished building: ../src/helloworld.c'
' '
'Building target: zybo_base_linux_hello.elf'
'Invoking: ARM Linux gcc linker'
arm-xilinx-linux-gnueabi-gcc  -o "zybo_base_linux_hello.elf"  ./src/helloworld.o   
'Finished building target: zybo_base_linux_hello.elf'
' '
'Invoking: ARM Linux Print Size'
arm-xilinx-linux-gnueabi-size zybo_base_linux_hello.elf  |tee "zybo_base_linux_hello.elf.size"
   text	   data	    bss	    dec	    hex	filename
   1274	    292	      4	   1570	    622	zybo_base_linux_hello.elf
'Finished building: zybo_base_linux_hello.elf.size'
' '

19:58:37 Build Finished (took 1s.376ms)

